******************************************************************************
             TMS320C2000 Linker Unix v22.6.0                   
******************************************************************************
>> Linked Fri Dec  2 12:07:49 2022

OUTPUT FILE NAME:   <Firmware-DSP.out>
ENTRY POINT SYMBOL: "_c_int00"  address: 00338ebd


MEMORY CONFIGURATION

         name            origin    length      used     unused   attr    fill
----------------------  --------  ---------  --------  --------  ----  --------
PAGE 0:
  ZONE0                 00004000   00001000  00000000  00001000  RWIX
  RAML0                 00008000   00001000  00000004  00000ffc  RWIX
  RAML1                 00009000   00001000  00000000  00001000  RWIX
  RAML2                 0000a000   00001000  00000000  00001000  RWIX
  RAML3                 0000b000   00001000  00000000  00001000  RWIX
  ZONE6                 00100000   00100000  00000000  00100000  RWIX
  ZONE7A                00200000   0000fc00  00000000  0000fc00  RWIX
  FLASHH                00300000   00008000  00000000  00008000  RWIX
  FLASHG                00308000   00008000  00000000  00008000  RWIX
  FLASHF                00310000   00008000  00000000  00008000  RWIX
  FLASHE                00318000   00008000  00000000  00008000  RWIX
  FLASHD                00320000   00008000  00000004  00007ffc  RWIX
  FLASHC                00328000   00008000  00000000  00008000  RWIX
  FLASHA                00338000   00007f80  00001503  00006a7d  RWIX
  CSM_RSVD              0033ff80   00000076  00000000  00000076  RWIX
  BEGIN                 0033fff6   00000002  00000002  00000000  RWIX
  CSM_PWL               0033fff8   00000008  00000000  00000008  RWIX
  ADC_CAL               00380080   00000009  00000007  00000002  RWIX
  OTP                   00380400   00000400  00000000  00000400  RWIX
  IQTABLES              003fe000   00000b50  00000000  00000b50  RWIX
  IQTABLES2             003feb50   0000008c  00000000  0000008c  RWIX
  FPUTABLES             003febdc   000006a0  00000000  000006a0  RWIX
  ROM                   003ff27c   00000d44  00000000  00000d44  RWIX
  RESET                 003fffc0   00000002  00000000  00000002  RWIX
  VECTORS               003fffc2   0000003e  00000000  0000003e  RWIX

PAGE 1:
  BOOT_RSVD             00000000   00000050  00000000  00000050  RWIX
  RAMM0                 00000050   000003b0  00000000  000003b0  RWIX
  RAMM1                 00000400   00000400  00000300  00000100  RWIX
  DEV_EMU               00000880   00000180  000000d0  000000b0  RWIX
  FLASH_REGS            00000a80   00000060  00000008  00000058  RWIX
  CSM                   00000ae0   00000010  00000010  00000000  RWIX
  ADC_MIRROR            00000b00   00000010  00000010  00000000  RWIX
  XINTF                 00000b20   00000020  0000001e  00000002  RWIX
  CPU_TIMER0            00000c00   00000008  00000008  00000000  RWIX
  CPU_TIMER1            00000c08   00000008  00000008  00000000  RWIX
  CPU_TIMER2            00000c10   00000008  00000008  00000000  RWIX
  PIE_CTRL              00000ce0   00000020  0000001a  00000006  RWIX
  PIE_VECT              00000d00   00000100  00000100  00000000  RWIX
  DMA                   00001000   00000200  000000e0  00000120  RWIX
  MCBSPA                00005000   00000040  00000025  0000001b  RWIX
  MCBSPB                00005040   00000040  00000025  0000001b  RWIX
  ECANA                 00006000   00000040  00000034  0000000c  RWIX
  ECANA_LAM             00006040   00000040  00000040  00000000  RWIX
  ECANA_MOTS            00006080   00000040  00000040  00000000  RWIX
  ECANA_MOTO            000060c0   00000040  00000040  00000000  RWIX
  ECANA_MBOX            00006100   00000100  00000100  00000000  RWIX
  ECANB                 00006200   00000040  00000034  0000000c  RWIX
  ECANB_LAM             00006240   00000040  00000040  00000000  RWIX
  ECANB_MOTS            00006280   00000040  00000040  00000000  RWIX
  ECANB_MOTO            000062c0   00000040  00000040  00000000  RWIX
  ECANB_MBOX            00006300   00000100  00000100  00000000  RWIX
  EPWM1                 00006800   00000022  00000022  00000000  RWIX
  EPWM2                 00006840   00000022  00000022  00000000  RWIX
  EPWM3                 00006880   00000022  00000022  00000000  RWIX
  EPWM4                 000068c0   00000022  00000022  00000000  RWIX
  EPWM5                 00006900   00000022  00000022  00000000  RWIX
  EPWM6                 00006940   00000022  00000022  00000000  RWIX
  ECAP1                 00006a00   00000020  00000020  00000000  RWIX
  ECAP2                 00006a20   00000020  00000020  00000000  RWIX
  ECAP3                 00006a40   00000020  00000020  00000000  RWIX
  ECAP4                 00006a60   00000020  00000020  00000000  RWIX
  ECAP5                 00006a80   00000020  00000020  00000000  RWIX
  ECAP6                 00006aa0   00000020  00000020  00000000  RWIX
  EQEP1                 00006b00   00000040  00000040  00000000  RWIX
  EQEP2                 00006b40   00000040  00000040  00000000  RWIX
  GPIOCTRL              00006f80   00000040  0000002e  00000012  RWIX
  GPIODAT               00006fc0   00000020  00000020  00000000  RWIX
  GPIOINT               00006fe0   00000020  0000000a  00000016  RWIX
  SYSTEM                00007010   00000020  00000020  00000000  RWIX
  SPIA                  00007040   00000010  00000010  00000000  RWIX
  SCIA                  00007050   00000010  00000010  00000000  RWIX
  XINTRUPT              00007070   00000010  00000010  00000000  RWIX
  ADC                   00007100   00000020  0000001e  00000002  RWIX
  SCIB                  00007750   00000010  00000010  00000000  RWIX
  SCIC                  00007770   00000010  00000010  00000000  RWIX
  I2CA                  00007900   00000040  00000022  0000001e  RWIX
  RAML4                 0000c000   00001000  00000079  00000f87  RWIX
  RAML5                 0000d000   00001000  00000000  00001000  RWIX
  RAML6                 0000e000   00001000  00000000  00001000  RWIX
  RAML7                 0000f000   00001000  00000000  00001000  RWIX
  ZONE7B                0020fc00   00000400  00000000  00000400  RWIX
  FLASHB                00330000   00008000  00000000  00008000  RWIX
  CSM_PWL               0033fff8   00000008  00000008  00000000  RWIX
  PARTID                00380090   00000001  00000001  00000000  RWIX


SECTION ALLOCATION MAP

 output                                  attributes/
section   page    origin      length       input sections
--------  ----  ----------  ----------   ----------------
ramfuncs   0    00320000    00000004     RUN ADDR = 00008000
                  00320000    00000004     DSP2833x_usDelay.obj (ramfuncs)

.cinit     0    003394ae    0000003d     
                  003394ae    0000001b     DSP_user.obj (.cinit:_ms_user)
                  003394c9    0000000e     rts2800_fpu32.lib : exit.c.obj (.cinit)
                  003394d7    00000005                       : _lock.c.obj (.cinit:__lock)
                  003394dc    00000005                       : _lock.c.obj (.cinit:__unlock)
                  003394e1    00000004     DSP_user.obj (.cinit)
                  003394e5    00000004     rts2800_fpu32.lib : errno.c.obj (.cinit)
                  003394e9    00000002     --HOLE-- [fill = 0]

DevEmuRegsFile 
*          1    00000880    000000d0     UNINITIALIZED
                  00000880    000000d0     DSP2833x_GlobalVariableDefs.obj (DevEmuRegsFile)

FlashRegsFile 
*          1    00000a80    00000008     UNINITIALIZED
                  00000a80    00000008     DSP2833x_GlobalVariableDefs.obj (FlashRegsFile)

CsmRegsFile 
*          1    00000ae0    00000010     UNINITIALIZED
                  00000ae0    00000010     DSP2833x_GlobalVariableDefs.obj (CsmRegsFile)

AdcMirrorFile 
*          1    00000b00    00000010     UNINITIALIZED
                  00000b00    00000010     DSP2833x_GlobalVariableDefs.obj (AdcMirrorFile)

XintfRegsFile 
*          1    00000b20    0000001e     UNINITIALIZED
                  00000b20    0000001e     DSP2833x_GlobalVariableDefs.obj (XintfRegsFile)

CpuTimer0RegsFile 
*          1    00000c00    00000008     UNINITIALIZED
                  00000c00    00000008     DSP2833x_GlobalVariableDefs.obj (CpuTimer0RegsFile)

CpuTimer1RegsFile 
*          1    00000c08    00000008     UNINITIALIZED
                  00000c08    00000008     DSP2833x_GlobalVariableDefs.obj (CpuTimer1RegsFile)

CpuTimer2RegsFile 
*          1    00000c10    00000008     UNINITIALIZED
                  00000c10    00000008     DSP2833x_GlobalVariableDefs.obj (CpuTimer2RegsFile)

PieCtrlRegsFile 
*          1    00000ce0    0000001a     UNINITIALIZED
                  00000ce0    0000001a     DSP2833x_GlobalVariableDefs.obj (PieCtrlRegsFile)

PieVectTableFile 
*          1    00000d00    00000100     UNINITIALIZED
                  00000d00    00000100     DSP2833x_GlobalVariableDefs.obj (PieVectTableFile)

DmaRegsFile 
*          1    00001000    000000e0     UNINITIALIZED
                  00001000    000000e0     DSP2833x_GlobalVariableDefs.obj (DmaRegsFile)

McbspaRegsFile 
*          1    00005000    00000025     UNINITIALIZED
                  00005000    00000025     DSP2833x_GlobalVariableDefs.obj (McbspaRegsFile)

McbspbRegsFile 
*          1    00005040    00000025     UNINITIALIZED
                  00005040    00000025     DSP2833x_GlobalVariableDefs.obj (McbspbRegsFile)

ECanaRegsFile 
*          1    00006000    00000034     UNINITIALIZED
                  00006000    00000034     DSP2833x_GlobalVariableDefs.obj (ECanaRegsFile)

ECanaLAMRegsFile 
*          1    00006040    00000040     UNINITIALIZED
                  00006040    00000040     DSP2833x_GlobalVariableDefs.obj (ECanaLAMRegsFile)

ECanaMOTSRegsFile 
*          1    00006080    00000040     UNINITIALIZED
                  00006080    00000040     DSP2833x_GlobalVariableDefs.obj (ECanaMOTSRegsFile)

ECanaMOTORegsFile 
*          1    000060c0    00000040     UNINITIALIZED
                  000060c0    00000040     DSP2833x_GlobalVariableDefs.obj (ECanaMOTORegsFile)

ECanaMboxesFile 
*          1    00006100    00000100     UNINITIALIZED
                  00006100    00000100     DSP2833x_GlobalVariableDefs.obj (ECanaMboxesFile)

ECanbRegsFile 
*          1    00006200    00000034     UNINITIALIZED
                  00006200    00000034     DSP2833x_GlobalVariableDefs.obj (ECanbRegsFile)

ECanbLAMRegsFile 
*          1    00006240    00000040     UNINITIALIZED
                  00006240    00000040     DSP2833x_GlobalVariableDefs.obj (ECanbLAMRegsFile)

ECanbMOTSRegsFile 
*          1    00006280    00000040     UNINITIALIZED
                  00006280    00000040     DSP2833x_GlobalVariableDefs.obj (ECanbMOTSRegsFile)

ECanbMOTORegsFile 
*          1    000062c0    00000040     UNINITIALIZED
                  000062c0    00000040     DSP2833x_GlobalVariableDefs.obj (ECanbMOTORegsFile)

ECanbMboxesFile 
*          1    00006300    00000100     UNINITIALIZED
                  00006300    00000100     DSP2833x_GlobalVariableDefs.obj (ECanbMboxesFile)

EPwm1RegsFile 
*          1    00006800    00000022     UNINITIALIZED
                  00006800    00000022     DSP2833x_GlobalVariableDefs.obj (EPwm1RegsFile)

EPwm2RegsFile 
*          1    00006840    00000022     UNINITIALIZED
                  00006840    00000022     DSP2833x_GlobalVariableDefs.obj (EPwm2RegsFile)

EPwm3RegsFile 
*          1    00006880    00000022     UNINITIALIZED
                  00006880    00000022     DSP2833x_GlobalVariableDefs.obj (EPwm3RegsFile)

EPwm4RegsFile 
*          1    000068c0    00000022     UNINITIALIZED
                  000068c0    00000022     DSP2833x_GlobalVariableDefs.obj (EPwm4RegsFile)

EPwm5RegsFile 
*          1    00006900    00000022     UNINITIALIZED
                  00006900    00000022     DSP2833x_GlobalVariableDefs.obj (EPwm5RegsFile)

EPwm6RegsFile 
*          1    00006940    00000022     UNINITIALIZED
                  00006940    00000022     DSP2833x_GlobalVariableDefs.obj (EPwm6RegsFile)

ECap1RegsFile 
*          1    00006a00    00000020     UNINITIALIZED
                  00006a00    00000020     DSP2833x_GlobalVariableDefs.obj (ECap1RegsFile)

ECap2RegsFile 
*          1    00006a20    00000020     UNINITIALIZED
                  00006a20    00000020     DSP2833x_GlobalVariableDefs.obj (ECap2RegsFile)

ECap3RegsFile 
*          1    00006a40    00000020     UNINITIALIZED
                  00006a40    00000020     DSP2833x_GlobalVariableDefs.obj (ECap3RegsFile)

ECap4RegsFile 
*          1    00006a60    00000020     UNINITIALIZED
                  00006a60    00000020     DSP2833x_GlobalVariableDefs.obj (ECap4RegsFile)

ECap5RegsFile 
*          1    00006a80    00000020     UNINITIALIZED
                  00006a80    00000020     DSP2833x_GlobalVariableDefs.obj (ECap5RegsFile)

ECap6RegsFile 
*          1    00006aa0    00000020     UNINITIALIZED
                  00006aa0    00000020     DSP2833x_GlobalVariableDefs.obj (ECap6RegsFile)

EQep1RegsFile 
*          1    00006b00    00000040     UNINITIALIZED
                  00006b00    00000040     DSP2833x_GlobalVariableDefs.obj (EQep1RegsFile)

EQep2RegsFile 
*          1    00006b40    00000040     UNINITIALIZED
                  00006b40    00000040     DSP2833x_GlobalVariableDefs.obj (EQep2RegsFile)

GpioCtrlRegsFile 
*          1    00006f80    0000002e     UNINITIALIZED
                  00006f80    0000002e     DSP2833x_GlobalVariableDefs.obj (GpioCtrlRegsFile)

GpioDataRegsFile 
*          1    00006fc0    00000020     UNINITIALIZED
                  00006fc0    00000020     DSP2833x_GlobalVariableDefs.obj (GpioDataRegsFile)

GpioIntRegsFile 
*          1    00006fe0    0000000a     UNINITIALIZED
                  00006fe0    0000000a     DSP2833x_GlobalVariableDefs.obj (GpioIntRegsFile)

SysCtrlRegsFile 
*          1    00007010    00000020     UNINITIALIZED
                  00007010    00000020     DSP2833x_GlobalVariableDefs.obj (SysCtrlRegsFile)

SpiaRegsFile 
*          1    00007040    00000010     UNINITIALIZED
                  00007040    00000010     DSP2833x_GlobalVariableDefs.obj (SpiaRegsFile)

SciaRegsFile 
*          1    00007050    00000010     UNINITIALIZED
                  00007050    00000010     DSP2833x_GlobalVariableDefs.obj (SciaRegsFile)

XIntruptRegsFile 
*          1    00007070    00000010     UNINITIALIZED
                  00007070    00000010     DSP2833x_GlobalVariableDefs.obj (XIntruptRegsFile)

AdcRegsFile 
*          1    00007100    0000001e     UNINITIALIZED
                  00007100    0000001e     DSP2833x_GlobalVariableDefs.obj (AdcRegsFile)

ScibRegsFile 
*          1    00007750    00000010     UNINITIALIZED
                  00007750    00000010     DSP2833x_GlobalVariableDefs.obj (ScibRegsFile)

ScicRegsFile 
*          1    00007770    00000010     UNINITIALIZED
                  00007770    00000010     DSP2833x_GlobalVariableDefs.obj (ScicRegsFile)

I2caRegsFile 
*          1    00007900    00000022     UNINITIALIZED
                  00007900    00000022     DSP2833x_GlobalVariableDefs.obj (I2caRegsFile)

CsmPwlFile 
*          1    0033fff8    00000008     UNINITIALIZED
                  0033fff8    00000008     DSP2833x_GlobalVariableDefs.obj (CsmPwlFile)

PartIdRegsFile 
*          1    00380090    00000001     UNINITIALIZED
                  00380090    00000001     DSP2833x_GlobalVariableDefs.obj (PartIdRegsFile)

.pinit     0    00338000    00000000     UNINITIALIZED

.text      0    00338000    00001274     
                  00338000    0000038c     rts2800_fpu32.lib : e_powf.c.obj (.text)
                  0033838c    00000316     DSP2833x_DefaultIsr.obj (.text:retain)
                  003386a2    000001e0     DSP_serial.obj (.text)
                  00338882    00000130     DSP_user.obj (.text:retain)
                  003389b2    000000f7     DSP2833x_SysCtrl.obj (.text)
                  00338aa9    000000d3     DSP_user.obj (.text)
                  00338b7c    000000a0     DSP_ePWM.obj (.text)
                  00338c1c    0000008e     LM5056.obj (.text)
                  00338caa    00000088     rts2800_fpu32.lib : fs_div28.asm.obj (.text)
                  00338d32    00000073     DSP2833x_CpuTimers.obj (.text)
                  00338da5    00000062     TMC1100.obj (.text)
                  00338e07    0000005e     LM5056_I2C.obj (.text)
                  00338e65    00000058     rts2800_fpu32.lib : s_scalbnf.c.obj (.text)
                  00338ebd    00000056                       : boot28.asm.obj (.text)
                  00338f13    00000053     main.obj (.text)
                  00338f66    00000052     LM5056_I2C.obj (.text:retain)
                  00338fb8    0000004a     DSP_timer.obj (.text)
                  00339002    00000048     DSP2833x_Sci.obj (.text)
                  0033904a    0000003a     DSP_ADC.obj (.text)
                  00339084    00000039     DSP_ADC.obj (.text:retain)
                  003390bd    00000034     DSP_control.obj (.text:retain)
                  003390f1    00000029     rts2800_fpu32.lib : exit.c.obj (.text)
                  0033911a    00000028     DSP2833x_PieCtrl.obj (.text)
                  00339142    00000027     rts2800_fpu32.lib : e_sqrtf.c.obj (.text)
                  00339169    00000024                       : cpy_tbl.c.obj (.text)
                  0033918d    00000022                       : i_div28.asm.obj (.text)
                  003391af    00000020     DSP2833x_PieVect.obj (.text)
                  003391cf    0000001d     rts2800_fpu32.lib : memcpy.c.obj (.text)
                  003391ec    00000019     DSP_ePWM.obj (.text:retain)
                  00339205    00000017     DSP2833x_I2C.obj (.text)
                  0033921c    00000012     DSP_timer.obj (.text:retain)
                  0033922e    00000012     rts2800_fpu32.lib : args_main.c.obj (.text)
                  00339240    00000011                       : s_copysignf.c.obj (.text)
                  00339251    0000000f     DSP2833x_Adc.obj (.text)
                  00339260    00000009     rts2800_fpu32.lib : _lock.c.obj (.text)
                  00339269    00000008     DSP2833x_CodeStartBranch.obj (.text)
                  00339271    00000002     rts2800_fpu32.lib : pre_init.c.obj (.text)
                  00339273    00000001                       : startup.c.obj (.text)

codestart 
*          0    0033fff6    00000002     
                  0033fff6    00000002     DSP2833x_CodeStartBranch.obj (codestart)

.stack     1    00000400    00000300     UNINITIALIZED
                  00000400    00000300     --HOLE--

.ebss      1    0000c000    00000079     UNINITIALIZED
                  0000c000    0000001d     LM5056.obj (.ebss)
                  0000c01d    00000001     DSP_user.obj (.ebss)
                  0000c01e    0000001c     TMC1100.obj (.ebss)
                  0000c03a    00000006     rts2800_fpu32.lib : exit.c.obj (.ebss)
                  0000c040    00000018     DSP2833x_CpuTimers.obj (.ebss)
                  0000c058    00000018     DSP_user.obj (.ebss:_ms_user)
                  0000c070    00000002     DSP_timer.obj (.ebss)
                  0000c072    00000002     LM5056_I2C.obj (.ebss)
                  0000c074    00000002     rts2800_fpu32.lib : _lock.c.obj (.ebss:__lock)
                  0000c076    00000002                       : _lock.c.obj (.ebss:__unlock)
                  0000c078    00000001                       : errno.c.obj (.ebss)

.econst    0    00339274    0000023a     
                  00339274    00000100     DSP2833x_PieVect.obj (.econst:_PieVectTableInit)
                  00339374    000000f6     DSP_user.obj (.econst:.string)
                  0033946a    00000032     rts2800_fpu32.lib : e_powf.c.obj (.econst)
                  0033949c    00000006                       : s_scalbnf.c.obj (.econst)
                  003394a2    00000004                       : e_powf.c.obj (.econst:_bp)
                  003394a6    00000004                       : e_powf.c.obj (.econst:_dp_h)
                  003394aa    00000004                       : e_powf.c.obj (.econst:_dp_l)

.switch    0    003394ec    00000018     
                  003394ec    00000018     DSP_user.obj (.switch:_user_task)

.reset     0    003fffc0    00000002     DSECT
                  003fffc0    00000002     rts2800_fpu32.lib : boot28.asm.obj (.reset)

vectors    0    003fffc2    00000000     DSECT

.adc_cal   0    00380080    00000007     NOLOAD SECTION
                  00380080    00000007     DSP2833x_ADC_cal.obj (.adc_cal)

MODULE SUMMARY

       Module                            code   initialized data   uninitialized data
       ------                            ----   ----------------   ------------------
    ./
       main.obj                          83     0                  0                 
    +--+---------------------------------+------+------------------+--------------------+
       Total:                            83     0                  0                 
                                                                                     
    ./sources/DSP28335/
       DSP2833x_GlobalVariableDefs.obj   0      0                  2679              
       DSP2833x_DefaultIsr.obj           790    0                  0                 
       DSP2833x_PieVect.obj              32     256                0                 
       DSP2833x_SysCtrl.obj              247    0                  0                 
       DSP2833x_CpuTimers.obj            115    0                  24                
       DSP2833x_Sci.obj                  72     0                  0                 
       DSP2833x_PieCtrl.obj              40     0                  0                 
       DSP2833x_I2C.obj                  23     0                  0                 
       DSP2833x_Adc.obj                  15     0                  0                 
       DSP2833x_CodeStartBranch.obj      10     0                  0                 
       DSP2833x_usDelay.obj              8      0                  0                 
       DSP2833x_ADC_cal.obj              7      0                  0                 
    +--+---------------------------------+------+------------------+--------------------+
       Total:                            1359   256                2703              
                                                                                     
    ./sources/LM5056/
       LM5056_I2C.obj                    176    0                  2                 
       LM5056.obj                        142    0                  29                
    +--+---------------------------------+------+------------------+--------------------+
       Total:                            318    0                  31                
                                                                                     
    ./sources/TMC1100/
       TMC1100.obj                       98     0                  28                
    +--+---------------------------------+------+------------------+--------------------+
       Total:                            98     0                  28                
                                                                                     
    ./sources/submodules/
       DSP_user.obj                      515    301                25                
       DSP_serial.obj                    480    0                  0                 
       DSP_ePWM.obj                      185    0                  0                 
       DSP_ADC.obj                       115    0                  0                 
       DSP_timer.obj                     92     0                  2                 
       DSP_control.obj                   52     0                  0                 
    +--+---------------------------------+------+------------------+--------------------+
       Total:                            1439   301                27                
                                                                                     
    /home/TTavella/ti/ccs1120/ccs/tools/compiler/ti-cgt-c2000_22.6.0.LTS/lib/rts2800_fpu32.lib
       e_powf.c.obj                      908    62                 0                 
       fs_div28.asm.obj                  136    0                  0                 
       s_scalbnf.c.obj                   88     6                  0                 
       boot28.asm.obj                    86     0                  0                 
       exit.c.obj                        41     14                 6                 
       e_sqrtf.c.obj                     39     0                  0                 
       cpy_tbl.c.obj                     36     0                  0                 
       i_div28.asm.obj                   34     0                  0                 
       memcpy.c.obj                      29     0                  0                 
       _lock.c.obj                       9      10                 4                 
       args_main.c.obj                   18     0                  0                 
       s_copysignf.c.obj                 17     0                  0                 
       errno.c.obj                       0      4                  1                 
       pre_init.c.obj                    2      0                  0                 
       startup.c.obj                     1      0                  0                 
    +--+---------------------------------+------+------------------+--------------------+
       Total:                            1444   96                 11                
                                                                                     
       Stack:                            0      0                  768               
    +--+---------------------------------+------+------------------+--------------------+
       Grand Total:                      4741   653                3568              


GLOBAL DATA SYMBOLS: SORTED BY DATA PAGE

address     data page           name
--------    ----------------    ----
00000400      10 (00000400)     __stack

00000880      22 (00000880)     _DevEmuRegs

00000a80      2a (00000a80)     _FlashRegs

00000ae0      2b (00000ac0)     _CsmRegs

00000b00      2c (00000b00)     _AdcMirror
00000b20      2c (00000b00)     _XintfRegs

00000c00      30 (00000c00)     _CpuTimer0Regs
00000c08      30 (00000c00)     _CpuTimer1Regs
00000c10      30 (00000c00)     _CpuTimer2Regs

00000ce0      33 (00000cc0)     _PieCtrlRegs

00000d00      34 (00000d00)     _PieVectTable

00001000      40 (00001000)     _DmaRegs

00005000     140 (00005000)     _McbspaRegs

00005040     141 (00005040)     _McbspbRegs

00006000     180 (00006000)     _ECanaRegs

00006040     181 (00006040)     _ECanaLAMRegs

00006080     182 (00006080)     _ECanaMOTSRegs

000060c0     183 (000060c0)     _ECanaMOTORegs

00006100     184 (00006100)     _ECanaMboxes

00006200     188 (00006200)     _ECanbRegs

00006240     189 (00006240)     _ECanbLAMRegs

00006280     18a (00006280)     _ECanbMOTSRegs

000062c0     18b (000062c0)     _ECanbMOTORegs

00006300     18c (00006300)     _ECanbMboxes

00006800     1a0 (00006800)     _EPwm1Regs

00006840     1a1 (00006840)     _EPwm2Regs

00006880     1a2 (00006880)     _EPwm3Regs

000068c0     1a3 (000068c0)     _EPwm4Regs

00006900     1a4 (00006900)     _EPwm5Regs

00006940     1a5 (00006940)     _EPwm6Regs

00006a00     1a8 (00006a00)     _ECap1Regs
00006a20     1a8 (00006a00)     _ECap2Regs

00006a40     1a9 (00006a40)     _ECap3Regs
00006a60     1a9 (00006a40)     _ECap4Regs

00006a80     1aa (00006a80)     _ECap5Regs
00006aa0     1aa (00006a80)     _ECap6Regs

00006b00     1ac (00006b00)     _EQep1Regs

00006b40     1ad (00006b40)     _EQep2Regs

00006f80     1be (00006f80)     _GpioCtrlRegs

00006fc0     1bf (00006fc0)     _GpioDataRegs
00006fe0     1bf (00006fc0)     _GpioIntRegs

00007010     1c0 (00007000)     _SysCtrlRegs

00007040     1c1 (00007040)     _SpiaRegs
00007050     1c1 (00007040)     _SciaRegs
00007070     1c1 (00007040)     _XIntruptRegs

00007100     1c4 (00007100)     _AdcRegs

00007750     1dd (00007740)     _ScibRegs
00007770     1dd (00007740)     _ScicRegs

00007900     1e4 (00007900)     _I2caRegs

0000c000     300 (0000c000)     _LM5056_comm
0000c006     300 (0000c000)     _avg_measures
0000c010     300 (0000c000)     _LM5056_avg_block_rawData
0000c01d     300 (0000c000)     _phase
0000c01e     300 (0000c000)     _TMC1100
0000c03a     300 (0000c000)     ___TI_enable_exit_profile_output
0000c03c     300 (0000c000)     ___TI_cleanup_ptr
0000c03e     300 (0000c000)     ___TI_dtors_ptr

0000c040     301 (0000c040)     _CpuTimer0
0000c048     301 (0000c040)     _CpuTimer1
0000c050     301 (0000c040)     _CpuTimer2
0000c058     301 (0000c040)     _ms_user
0000c070     301 (0000c040)     _time_ms
0000c072     301 (0000c040)     _CurrentMsgPtr
0000c074     301 (0000c040)     __lock
0000c076     301 (0000c040)     __unlock
0000c078     301 (0000c040)     _errno

00339274    ce49 (00339240)     _PieVectTableInit

0033fff8    cfff (0033ffc0)     _CsmPwl

00380090    e002 (00380080)     _PartIdRegs


GLOBAL SYMBOLS: SORTED ALPHABETICALLY BY Name 

page  address   name                            
----  -------   ----                            
0     00338000  .text                           
0     003390f1  C$$EXIT                         
0     00338caa  FS$$DIV                         
0     0033918d  I$$DIV                          
0     0033919e  I$$MOD                          
0     00338472  _ADCINT_ISR                     
0     0033904a  _ADC_Init                       
0     00380080  _ADC_cal                        
1     00000b00  _AdcMirror                      
1     00007100  _AdcRegs                        
0     00338d6b  _ConfigCpuTimer                 
0     00338b7c  _ConfigEPWM1                    
0     00338be2  _ConfigEPWM2                    
0     00338abd  _ConfigGPIO                     
1     0000c040  _CpuTimer0                      
1     00000c00  _CpuTimer0Regs                  
1     0000c048  _CpuTimer1                      
1     00000c08  _CpuTimer1Regs                  
1     0000c050  _CpuTimer2                      
1     00000c10  _CpuTimer2Regs                  
1     0033fff8  _CsmPwl                         
1     00000ae0  _CsmRegs                        
0     00338a78  _CsmUnlock                      
1     0000c072  _CurrentMsgPtr                  
0     003383a0  _DATALOG_ISR                    
0     00338594  _DINTCH1_ISR                    
0     0033859e  _DINTCH2_ISR                    
0     003385a8  _DINTCH3_ISR                    
0     003385b2  _DINTCH4_ISR                    
0     003385bc  _DINTCH5_ISR                    
0     003385c6  _DINTCH6_ISR                    
0     00008000  _DSP28x_usDelay                 
1     00000880  _DevEmuRegs                     
0     003389c5  _DisableDog                     
1     00001000  _DmaRegs                        
0     00338620  _ECAN0INTA_ISR                  
0     00338634  _ECAN0INTB_ISR                  
0     0033862a  _ECAN1INTA_ISR                  
0     0033863e  _ECAN1INTB_ISR                  
0     00338508  _ECAP1_INT_ISR                  
0     00338512  _ECAP2_INT_ISR                  
0     0033851c  _ECAP3_INT_ISR                  
0     00338526  _ECAP4_INT_ISR                  
0     00338530  _ECAP5_INT_ISR                  
0     0033853a  _ECAP6_INT_ISR                  
1     00006040  _ECanaLAMRegs                   
1     000060c0  _ECanaMOTORegs                  
1     00006080  _ECanaMOTSRegs                  
1     00006100  _ECanaMboxes                    
1     00006000  _ECanaRegs                      
1     00006240  _ECanbLAMRegs                   
1     000062c0  _ECanbMOTORegs                  
1     00006280  _ECanbMOTSRegs                  
1     00006300  _ECanbMboxes                    
1     00006200  _ECanbRegs                      
1     00006a00  _ECap1Regs                      
1     00006a20  _ECap2Regs                      
1     00006a40  _ECap3Regs                      
1     00006a60  _ECap4Regs                      
1     00006a80  _ECap5Regs                      
1     00006aa0  _ECap6Regs                      
0     003383b4  _EMUINT_ISR                     
0     003384cc  _EPWM1_INT_ISR                  
0     00338490  _EPWM1_TZINT_ISR                
0     003384d6  _EPWM2_INT_ISR                  
0     0033849a  _EPWM2_TZINT_ISR                
0     003384e0  _EPWM3_INT_ISR                  
0     003384a4  _EPWM3_TZINT_ISR                
0     003384ea  _EPWM4_INT_ISR                  
0     003384ae  _EPWM4_TZINT_ISR                
0     003384f4  _EPWM5_INT_ISR                  
0     003384b8  _EPWM5_TZINT_ISR                
0     003384fe  _EPWM6_INT_ISR                  
0     003384c2  _EPWM6_TZINT_ISR                
1     00006800  _EPwm1Regs                      
1     00006840  _EPwm2Regs                      
1     00006880  _EPwm3Regs                      
1     000068c0  _EPwm4Regs                      
1     00006900  _EPwm5Regs                      
1     00006940  _EPwm6Regs                      
0     00338544  _EQEP1_INT_ISR                  
0     0033854e  _EQEP2_INT_ISR                  
1     00006b00  _EQep1Regs                      
1     00006b40  _EQep2Regs                      
0     00339139  _EnableInterrupts               
1     00000a80  _FlashRegs                      
1     00006f80  _GpioCtrlRegs                   
1     00006fc0  _GpioDataRegs                   
1     00006fe0  _GpioIntRegs                    
0     003385d0  _I2CINT1A_ISR                   
0     003385da  _I2CINT2A_ISR                   
1     00007900  _I2caRegs                       
0     003383c8  _ILLEGAL_ISR                    
0     0033838c  _INT13_ISR                      
0     00338396  _INT14_ISR                      
0     00339251  _InitAdc                        
0     00338d32  _InitCpuTimers                  
0     00339205  _InitI2C                        
0     00339206  _InitI2CGpio                    
0     00338a1d  _InitPeripheralClocks           
0     0033911a  _InitPieCtrl                    
0     003391af  _InitPieVectTable               
0     003389cd  _InitPll                        
0     00339002  _InitSci                        
0     00339003  _InitSciGpio                    
0     0033900a  _InitSciaGpio                   
0     00339020  _InitScibGpio                   
0     00339034  _InitScicGpio                   
0     003389b2  _InitSysCtrl                    
0     00338e07  _LM5056_I2CA_Init               
0     00338e28  _LM5056_I2CA_ReadData           
0     00338c1c  _LM5056_Read_avg_block          
1     0000c010  _LM5056_avg_block_rawData       
1     0000c000  _LM5056_comm                    
0     00338c2f  _LM5056_measures                
0     00338684  _LUF_ISR                        
0     0033867a  _LVF_ISR                        
0     00338580  _MRINTA_ISR                     
0     0033856c  _MRINTB_ISR                     
0     0033858a  _MXINTA_ISR                     
0     00338576  _MXINTB_ISR                     
1     00005000  _McbspaRegs                     
1     00005040  _McbspbRegs                     
0     003383be  _NMI_ISR                        
0     003390bd  _PID_interrupt                  
0     0033868e  _PIE_RESERVED                   
1     00380090  _PartIdRegs                     
1     00000ce0  _PieCtrlRegs                    
1     00000d00  _PieVectTable                   
0     00339274  _PieVectTableInit               
0     003383aa  _RTOSINT_ISR                    
0     00320004  _RamfuncsLoadEnd                
abs   00000004  _RamfuncsLoadSize               
0     00320000  _RamfuncsLoadStart              
0     00008000  _RamfuncsRunStart               
0     003385f8  _SCIRXINTA_ISR                  
0     0033860c  _SCIRXINTB_ISR                  
0     003385e4  _SCIRXINTC_ISR                  
0     00338602  _SCITXINTA_ISR                  
0     00338616  _SCITXINTB_ISR                  
0     003385ee  _SCITXINTC_ISR                  
0     0033844a  _SEQ1INT_ISR                    
0     00338454  _SEQ2INT_ISR                    
0     00338558  _SPIRXINTA_ISR                  
0     00338562  _SPITXINTA_ISR                  
1     00007050  _SciaRegs                       
1     00007750  _ScibRegs                       
1     00007770  _ScicRegs                       
0     003389bb  _ServiceDog                     
1     00007040  _SpiaRegs                       
1     00007010  _SysCtrlRegs                    
0     0033847c  _TINT0_ISR                      
1     0000c01e  _TMC1100                        
0     00338dca  _TMC1100_avg_measures           
0     00338ddf  _TMC1100_inst_measures          
0     00338da5  _TMC1100_read_raw_current       
0     0033842c  _USER10_ISR                     
0     00338436  _USER11_ISR                     
0     00338440  _USER12_ISR                     
0     003383d2  _USER1_ISR                      
0     003383dc  _USER2_ISR                      
0     003383e6  _USER3_ISR                      
0     003383f0  _USER4_ISR                      
0     003383fa  _USER5_ISR                      
0     00338404  _USER6_ISR                      
0     0033840e  _USER7_ISR                      
0     00338418  _USER8_ISR                      
0     00338422  _USER9_ISR                      
0     00338486  _WAKEINT_ISR                    
0     0033845e  _XINT1_ISR                      
0     00338468  _XINT2_ISR                      
0     00338648  _XINT3_ISR                      
0     00338652  _XINT4_ISR                      
0     0033865c  _XINT5_ISR                      
0     00338666  _XINT6_ISR                      
0     00338670  _XINT7_ISR                      
1     00007070  _XIntruptRegs                   
1     00000b20  _XintfRegs                      
1     00000700  __STACK_END                     
abs   00000300  __STACK_SIZE                    
1     0000c03c  ___TI_cleanup_ptr               
1     0000c03e  ___TI_dtors_ptr                 
1     0000c03a  ___TI_enable_exit_profile_output
abs   ffffffff  ___TI_pprof_out_hndl            
abs   ffffffff  ___TI_prof_data_size            
abs   ffffffff  ___TI_prof_data_start           
abs   ffffffff  ___binit__                      
abs   ffffffff  ___c_args__                     
0     003394ae  ___cinit__                      
0     00339274  ___etext__                      
abs   ffffffff  ___pinit__                      
0     00338000  ___text__                       
0     0033922e  __args_main                     
1     0000c074  __lock                          
0     00339268  __nop                           
0     00339264  __register_lock                 
0     00339260  __register_unlock               
1     00000400  __stack                         
0     00339273  __system_post_cinit             
0     00339271  __system_pre_init               
1     0000c076  __unlock                        
0     003390f1  _abort                          
0     00339084  _adc_isr                        
1     0000c006  _avg_measures                   
0     0033899e  _blinkLed                       
0     00338ebd  _c_int00                        
0     00339169  _copy_in                        
0     00339240  _copysign                       
0     00339240  _copysignf                      
0     00338ff3  _delayms                        
0     003391ec  _epwm1_isr                      
1     0000c078  _errno                          
0     003390f3  _exit                           
0     00338846  _floattoa                       
0     00338f66  _i2c_int1a_isr                  
0     0033880d  _intToStr                       
0     00338e65  _ldexp                          
0     00338e65  _ldexpf                         
0     00338f13  _main                           
0     003391cf  _memcpy                         
1     0000c058  _ms_user                        
1     0000c01d  _phase                          
0     00338000  _pow                            
0     00338882  _powerMonitor                   
0     00338000  _powf                           
0     00338770  _receive16_int                  
0     0033871f  _receive32_float                
0     003387eb  _reverse                        
0     00338698  _rsvd_ISR                       
0     00338e65  _scalbn                         
0     00338e65  _scalbnf                        
0     003386a9  _scia_cfg                       
0     003386d4  _scia_fifo_init                 
0     003386a2  _scia_initialize                
0     003387d8  _scia_msg                       
0     003387b9  _scia_receive                   
0     003387ac  _scia_xmit                      
0     00338700  _send16_int                     
0     003386dc  _send32_float                   
0     003388e2  _serialInterface                
0     003388b2  _setEPWMPhase                   
0     00339142  _sqrt                           
0     00339142  _sqrtf                          
1     0000c070  _time_ms                        
0     0033921c  _timer1_interrupt               
0     00338fb8  _timerConfig                    
0     00338aa9  _user_configuration             
0     00338b31  _user_task                      
abs   ffffffff  binit                           
0     003394ae  cinit                           
0     0033fff6  code_start                      
0     00339274  etext                           
abs   ffffffff  pinit                           


GLOBAL SYMBOLS: SORTED BY Symbol Address 

page  address   name                            
----  -------   ----                            
0     00008000  _DSP28x_usDelay                 
0     00008000  _RamfuncsRunStart               
0     00320000  _RamfuncsLoadStart              
0     00320004  _RamfuncsLoadEnd                
0     00338000  .text                           
0     00338000  ___text__                       
0     00338000  _pow                            
0     00338000  _powf                           
0     0033838c  _INT13_ISR                      
0     00338396  _INT14_ISR                      
0     003383a0  _DATALOG_ISR                    
0     003383aa  _RTOSINT_ISR                    
0     003383b4  _EMUINT_ISR                     
0     003383be  _NMI_ISR                        
0     003383c8  _ILLEGAL_ISR                    
0     003383d2  _USER1_ISR                      
0     003383dc  _USER2_ISR                      
0     003383e6  _USER3_ISR                      
0     003383f0  _USER4_ISR                      
0     003383fa  _USER5_ISR                      
0     00338404  _USER6_ISR                      
0     0033840e  _USER7_ISR                      
0     00338418  _USER8_ISR                      
0     00338422  _USER9_ISR                      
0     0033842c  _USER10_ISR                     
0     00338436  _USER11_ISR                     
0     00338440  _USER12_ISR                     
0     0033844a  _SEQ1INT_ISR                    
0     00338454  _SEQ2INT_ISR                    
0     0033845e  _XINT1_ISR                      
0     00338468  _XINT2_ISR                      
0     00338472  _ADCINT_ISR                     
0     0033847c  _TINT0_ISR                      
0     00338486  _WAKEINT_ISR                    
0     00338490  _EPWM1_TZINT_ISR                
0     0033849a  _EPWM2_TZINT_ISR                
0     003384a4  _EPWM3_TZINT_ISR                
0     003384ae  _EPWM4_TZINT_ISR                
0     003384b8  _EPWM5_TZINT_ISR                
0     003384c2  _EPWM6_TZINT_ISR                
0     003384cc  _EPWM1_INT_ISR                  
0     003384d6  _EPWM2_INT_ISR                  
0     003384e0  _EPWM3_INT_ISR                  
0     003384ea  _EPWM4_INT_ISR                  
0     003384f4  _EPWM5_INT_ISR                  
0     003384fe  _EPWM6_INT_ISR                  
0     00338508  _ECAP1_INT_ISR                  
0     00338512  _ECAP2_INT_ISR                  
0     0033851c  _ECAP3_INT_ISR                  
0     00338526  _ECAP4_INT_ISR                  
0     00338530  _ECAP5_INT_ISR                  
0     0033853a  _ECAP6_INT_ISR                  
0     00338544  _EQEP1_INT_ISR                  
0     0033854e  _EQEP2_INT_ISR                  
0     00338558  _SPIRXINTA_ISR                  
0     00338562  _SPITXINTA_ISR                  
0     0033856c  _MRINTB_ISR                     
0     00338576  _MXINTB_ISR                     
0     00338580  _MRINTA_ISR                     
0     0033858a  _MXINTA_ISR                     
0     00338594  _DINTCH1_ISR                    
0     0033859e  _DINTCH2_ISR                    
0     003385a8  _DINTCH3_ISR                    
0     003385b2  _DINTCH4_ISR                    
0     003385bc  _DINTCH5_ISR                    
0     003385c6  _DINTCH6_ISR                    
0     003385d0  _I2CINT1A_ISR                   
0     003385da  _I2CINT2A_ISR                   
0     003385e4  _SCIRXINTC_ISR                  
0     003385ee  _SCITXINTC_ISR                  
0     003385f8  _SCIRXINTA_ISR                  
0     00338602  _SCITXINTA_ISR                  
0     0033860c  _SCIRXINTB_ISR                  
0     00338616  _SCITXINTB_ISR                  
0     00338620  _ECAN0INTA_ISR                  
0     0033862a  _ECAN1INTA_ISR                  
0     00338634  _ECAN0INTB_ISR                  
0     0033863e  _ECAN1INTB_ISR                  
0     00338648  _XINT3_ISR                      
0     00338652  _XINT4_ISR                      
0     0033865c  _XINT5_ISR                      
0     00338666  _XINT6_ISR                      
0     00338670  _XINT7_ISR                      
0     0033867a  _LVF_ISR                        
0     00338684  _LUF_ISR                        
0     0033868e  _PIE_RESERVED                   
0     00338698  _rsvd_ISR                       
0     003386a2  _scia_initialize                
0     003386a9  _scia_cfg                       
0     003386d4  _scia_fifo_init                 
0     003386dc  _send32_float                   
0     00338700  _send16_int                     
0     0033871f  _receive32_float                
0     00338770  _receive16_int                  
0     003387ac  _scia_xmit                      
0     003387b9  _scia_receive                   
0     003387d8  _scia_msg                       
0     003387eb  _reverse                        
0     0033880d  _intToStr                       
0     00338846  _floattoa                       
0     00338882  _powerMonitor                   
0     003388b2  _setEPWMPhase                   
0     003388e2  _serialInterface                
0     0033899e  _blinkLed                       
0     003389b2  _InitSysCtrl                    
0     003389bb  _ServiceDog                     
0     003389c5  _DisableDog                     
0     003389cd  _InitPll                        
0     00338a1d  _InitPeripheralClocks           
0     00338a78  _CsmUnlock                      
0     00338aa9  _user_configuration             
0     00338abd  _ConfigGPIO                     
0     00338b31  _user_task                      
0     00338b7c  _ConfigEPWM1                    
0     00338be2  _ConfigEPWM2                    
0     00338c1c  _LM5056_Read_avg_block          
0     00338c2f  _LM5056_measures                
0     00338caa  FS$$DIV                         
0     00338d32  _InitCpuTimers                  
0     00338d6b  _ConfigCpuTimer                 
0     00338da5  _TMC1100_read_raw_current       
0     00338dca  _TMC1100_avg_measures           
0     00338ddf  _TMC1100_inst_measures          
0     00338e07  _LM5056_I2CA_Init               
0     00338e28  _LM5056_I2CA_ReadData           
0     00338e65  _ldexp                          
0     00338e65  _ldexpf                         
0     00338e65  _scalbn                         
0     00338e65  _scalbnf                        
0     00338ebd  _c_int00                        
0     00338f13  _main                           
0     00338f66  _i2c_int1a_isr                  
0     00338fb8  _timerConfig                    
0     00338ff3  _delayms                        
0     00339002  _InitSci                        
0     00339003  _InitSciGpio                    
0     0033900a  _InitSciaGpio                   
0     00339020  _InitScibGpio                   
0     00339034  _InitScicGpio                   
0     0033904a  _ADC_Init                       
0     00339084  _adc_isr                        
0     003390bd  _PID_interrupt                  
0     003390f1  C$$EXIT                         
0     003390f1  _abort                          
0     003390f3  _exit                           
0     0033911a  _InitPieCtrl                    
0     00339139  _EnableInterrupts               
0     00339142  _sqrt                           
0     00339142  _sqrtf                          
0     00339169  _copy_in                        
0     0033918d  I$$DIV                          
0     0033919e  I$$MOD                          
0     003391af  _InitPieVectTable               
0     003391cf  _memcpy                         
0     003391ec  _epwm1_isr                      
0     00339205  _InitI2C                        
0     00339206  _InitI2CGpio                    
0     0033921c  _timer1_interrupt               
0     0033922e  __args_main                     
0     00339240  _copysign                       
0     00339240  _copysignf                      
0     00339251  _InitAdc                        
0     00339260  __register_unlock               
0     00339264  __register_lock                 
0     00339268  __nop                           
0     00339271  __system_pre_init               
0     00339273  __system_post_cinit             
0     00339274  _PieVectTableInit               
0     00339274  ___etext__                      
0     00339274  etext                           
0     003394ae  ___cinit__                      
0     003394ae  cinit                           
0     0033fff6  code_start                      
0     00380080  _ADC_cal                        
1     00000400  __stack                         
1     00000700  __STACK_END                     
1     00000880  _DevEmuRegs                     
1     00000a80  _FlashRegs                      
1     00000ae0  _CsmRegs                        
1     00000b00  _AdcMirror                      
1     00000b20  _XintfRegs                      
1     00000c00  _CpuTimer0Regs                  
1     00000c08  _CpuTimer1Regs                  
1     00000c10  _CpuTimer2Regs                  
1     00000ce0  _PieCtrlRegs                    
1     00000d00  _PieVectTable                   
1     00001000  _DmaRegs                        
1     00005000  _McbspaRegs                     
1     00005040  _McbspbRegs                     
1     00006000  _ECanaRegs                      
1     00006040  _ECanaLAMRegs                   
1     00006080  _ECanaMOTSRegs                  
1     000060c0  _ECanaMOTORegs                  
1     00006100  _ECanaMboxes                    
1     00006200  _ECanbRegs                      
1     00006240  _ECanbLAMRegs                   
1     00006280  _ECanbMOTSRegs                  
1     000062c0  _ECanbMOTORegs                  
1     00006300  _ECanbMboxes                    
1     00006800  _EPwm1Regs                      
1     00006840  _EPwm2Regs                      
1     00006880  _EPwm3Regs                      
1     000068c0  _EPwm4Regs                      
1     00006900  _EPwm5Regs                      
1     00006940  _EPwm6Regs                      
1     00006a00  _ECap1Regs                      
1     00006a20  _ECap2Regs                      
1     00006a40  _ECap3Regs                      
1     00006a60  _ECap4Regs                      
1     00006a80  _ECap5Regs                      
1     00006aa0  _ECap6Regs                      
1     00006b00  _EQep1Regs                      
1     00006b40  _EQep2Regs                      
1     00006f80  _GpioCtrlRegs                   
1     00006fc0  _GpioDataRegs                   
1     00006fe0  _GpioIntRegs                    
1     00007010  _SysCtrlRegs                    
1     00007040  _SpiaRegs                       
1     00007050  _SciaRegs                       
1     00007070  _XIntruptRegs                   
1     00007100  _AdcRegs                        
1     00007750  _ScibRegs                       
1     00007770  _ScicRegs                       
1     00007900  _I2caRegs                       
1     0000c000  _LM5056_comm                    
1     0000c006  _avg_measures                   
1     0000c010  _LM5056_avg_block_rawData       
1     0000c01d  _phase                          
1     0000c01e  _TMC1100                        
1     0000c03a  ___TI_enable_exit_profile_output
1     0000c03c  ___TI_cleanup_ptr               
1     0000c03e  ___TI_dtors_ptr                 
1     0000c040  _CpuTimer0                      
1     0000c048  _CpuTimer1                      
1     0000c050  _CpuTimer2                      
1     0000c058  _ms_user                        
1     0000c070  _time_ms                        
1     0000c072  _CurrentMsgPtr                  
1     0000c074  __lock                          
1     0000c076  __unlock                        
1     0000c078  _errno                          
1     0033fff8  _CsmPwl                         
1     00380090  _PartIdRegs                     
abs   00000004  _RamfuncsLoadSize               
abs   00000300  __STACK_SIZE                    
abs   ffffffff  ___TI_pprof_out_hndl            
abs   ffffffff  ___TI_prof_data_size            
abs   ffffffff  ___TI_prof_data_start           
abs   ffffffff  ___binit__                      
abs   ffffffff  ___c_args__                     
abs   ffffffff  ___pinit__                      
abs   ffffffff  binit                           
abs   ffffffff  pinit                           

[253 symbols]
