******************************************************************************
             TMS320C2000 Linker Unix v22.6.0                   
******************************************************************************
>> Linked Wed Oct 12 15:43:50 2022

OUTPUT FILE NAME:   <Firmware-DSP.out>
ENTRY POINT SYMBOL: "_c_int00"  address: 000091ca


MEMORY CONFIGURATION

         name            origin    length      used     unused   attr    fill
----------------------  --------  ---------  --------  --------  ----  --------
PAGE 0:
  BEGIN                 00000000   00000002  00000002  00000000  RWIX
  RAMM0                 00000050   000003b0  00000004  000003ac  RWIX
  RAML0                 00008000   00001000  0000001a  00000fe6  RWIX
  RAML1                 00009000   00001000  000002b0  00000d50  RWIX
  RAML2                 0000a000   00001000  00000000  00001000  RWIX
  RAML3                 0000b000   00001000  00000000  00001000  RWIX
  ZONE7A                00200000   0000fc00  00000000  0000fc00  RWIX
  CSM_RSVD              0033ff80   00000076  00000000  00000076  RWIX
  CSM_PWL               0033fff8   00000008  00000000  00000008  RWIX
  ADC_CAL               00380080   00000009  00000007  00000002  RWIX
  IQTABLES              003fe000   00000b50  00000000  00000b50  RWIX
  IQTABLES2             003feb50   0000008c  00000000  0000008c  RWIX
  FPUTABLES             003febdc   000006a0  00000000  000006a0  RWIX
  BOOTROM               003ff27c   00000d44  00000000  00000d44  RWIX
  RESET                 003fffc0   00000002  00000000  00000002  RWIX

PAGE 1:
  BOOT_RSVD             00000002   0000004e  0000004e  00000000  RWIX
  RAMM1                 00000400   00000400  00000400  00000000  RWIX
  RAML4                 0000c000   00001000  00000933  000006cd  RWIX
  RAML5                 0000d000   00001000  00000000  00001000  RWIX
  RAML6                 0000e000   00001000  00000000  00001000  RWIX
  RAML7                 0000f000   00001000  00000000  00001000  RWIX
  ZONE7B                0020fc00   00000400  00000000  00000400  RWIX


SECTION ALLOCATION MAP

 output                                  attributes/
section   page    origin      length       input sections
--------  ----  ----------  ----------   ----------------
codestart 
*          0    00000000    00000002     
                  00000000    00000002     DSP2833x_CodeStartBranch.obj (codestart)

.cinit     0    00008000    0000001a     
                  00008000    0000000e     rts2800_fpu32.lib : exit.c.obj (.cinit)
                  0000800e    00000005                       : _lock.c.obj (.cinit:__lock)
                  00008013    00000005                       : _lock.c.obj (.cinit:__unlock)
                  00008018    00000002     --HOLE-- [fill = 0]

.text      0    00009000    000002b0     
                  00009000    000000f7     DSP2833x_SysCtrl.obj (.text)
                  000090f7    000000d3     main.obj (.text)
                  000091ca    00000056     rts2800_fpu32.lib : boot28.asm.obj (.text)
                  00009220    00000029                       : exit.c.obj (.text)
                  00009249    00000024                       : cpy_tbl.c.obj (.text)
                  0000926d    0000001d                       : memcpy.c.obj (.text)
                  0000928a    00000012                       : args_main.c.obj (.text)
                  0000929c    00000009                       : _lock.c.obj (.text)
                  000092a5    00000008     DSP2833x_CodeStartBranch.obj (.text)
                  000092ad    00000002     rts2800_fpu32.lib : pre_init.c.obj (.text)
                  000092af    00000001                       : startup.c.obj (.text)

.pinit     0    00008000    00000000     UNINITIALIZED

GpioIntRegsFile 
*          1    00000036    0000000a     UNINITIALIZED
                  00000036    0000000a     DSP2833x_GlobalVariableDefs.obj (GpioIntRegsFile)

AdcMirrorFile 
*          1    00000040    00000010     UNINITIALIZED
                  00000040    00000010     DSP2833x_GlobalVariableDefs.obj (AdcMirrorFile)

.stack     1    00000400    00000300     UNINITIALIZED
                  00000400    00000300     --HOLE--

.ebss      1    0000c000    0000000a     UNINITIALIZED
                  0000c000    00000006     rts2800_fpu32.lib : exit.c.obj (.ebss)
                  0000c006    00000002                       : _lock.c.obj (.ebss:__lock)
                  0000c008    00000002                       : _lock.c.obj (.ebss:__unlock)

.reset     0    003fffc0    00000002     DSECT
                  003fffc0    00000002     rts2800_fpu32.lib : boot28.asm.obj (.reset)

csm_rsvd   0    0033ff80    00000000     DSECT

csmpasswds 
*          0    0033fff8    00000000     DSECT

.adc_cal   0    00380080    00000007     NOLOAD SECTION
                  00380080    00000007     DSP2833x_ADC_cal.obj (.adc_cal)

ramfuncs   0    00000050    00000004     
                  00000050    00000004     DSP2833x_usDelay.obj (ramfuncs)

ECanaRegsFile 
*          1    00000002    00000034     UNINITIALIZED
                  00000002    00000034     DSP2833x_GlobalVariableDefs.obj (ECanaRegsFile)

ECanaMboxesFile 
*          1    00000700    00000100     UNINITIALIZED
                  00000700    00000100     DSP2833x_GlobalVariableDefs.obj (ECanaMboxesFile)

ECanbRegsFile 
*          1    0000c00a    00000034     UNINITIALIZED
                  0000c00a    00000034     DSP2833x_GlobalVariableDefs.obj (ECanbRegsFile)

PartIdRegsFile 
*          1    0000c03e    00000001     UNINITIALIZED
                  0000c03e    00000001     DSP2833x_GlobalVariableDefs.obj (PartIdRegsFile)

ECanbMboxesFile 
*          1    0000c040    00000100     UNINITIALIZED
                  0000c040    00000100     DSP2833x_GlobalVariableDefs.obj (ECanbMboxesFile)

PieVectTableFile 
*          1    0000c140    00000100     UNINITIALIZED
                  0000c140    00000100     DSP2833x_GlobalVariableDefs.obj (PieVectTableFile)

DmaRegsFile 
*          1    0000c240    000000e0     UNINITIALIZED
                  0000c240    000000e0     DSP2833x_GlobalVariableDefs.obj (DmaRegsFile)

ECap1RegsFile 
*          1    0000c320    00000020     UNINITIALIZED
                  0000c320    00000020     DSP2833x_GlobalVariableDefs.obj (ECap1RegsFile)

DevEmuRegsFile 
*          1    0000c340    000000d0     UNINITIALIZED
                  0000c340    000000d0     DSP2833x_GlobalVariableDefs.obj (DevEmuRegsFile)

GpioCtrlRegsFile 
*          1    0000c410    0000002e     UNINITIALIZED
                  0000c410    0000002e     DSP2833x_GlobalVariableDefs.obj (GpioCtrlRegsFile)

ECanaLAMRegsFile 
*          1    0000c440    00000040     UNINITIALIZED
                  0000c440    00000040     DSP2833x_GlobalVariableDefs.obj (ECanaLAMRegsFile)

ECanaMOTORegsFile 
*          1    0000c480    00000040     UNINITIALIZED
                  0000c480    00000040     DSP2833x_GlobalVariableDefs.obj (ECanaMOTORegsFile)

ECanaMOTSRegsFile 
*          1    0000c4c0    00000040     UNINITIALIZED
                  0000c4c0    00000040     DSP2833x_GlobalVariableDefs.obj (ECanaMOTSRegsFile)

ECanbLAMRegsFile 
*          1    0000c500    00000040     UNINITIALIZED
                  0000c500    00000040     DSP2833x_GlobalVariableDefs.obj (ECanbLAMRegsFile)

ECanbMOTORegsFile 
*          1    0000c540    00000040     UNINITIALIZED
                  0000c540    00000040     DSP2833x_GlobalVariableDefs.obj (ECanbMOTORegsFile)

ECanbMOTSRegsFile 
*          1    0000c580    00000040     UNINITIALIZED
                  0000c580    00000040     DSP2833x_GlobalVariableDefs.obj (ECanbMOTSRegsFile)

EQep1RegsFile 
*          1    0000c5c0    00000040     UNINITIALIZED
                  0000c5c0    00000040     DSP2833x_GlobalVariableDefs.obj (EQep1RegsFile)

EQep2RegsFile 
*          1    0000c600    00000040     UNINITIALIZED
                  0000c600    00000040     DSP2833x_GlobalVariableDefs.obj (EQep2RegsFile)

McbspaRegsFile 
*          1    0000c640    00000025     UNINITIALIZED
                  0000c640    00000025     DSP2833x_GlobalVariableDefs.obj (McbspaRegsFile)

PieCtrlRegsFile 
*          1    0000c665    0000001a     UNINITIALIZED
                  0000c665    0000001a     DSP2833x_GlobalVariableDefs.obj (PieCtrlRegsFile)

McbspbRegsFile 
*          1    0000c680    00000025     UNINITIALIZED
                  0000c680    00000025     DSP2833x_GlobalVariableDefs.obj (McbspbRegsFile)

CsmRegsFile 
*          1    0000c6a5    00000010     UNINITIALIZED
                  0000c6a5    00000010     DSP2833x_GlobalVariableDefs.obj (CsmRegsFile)

CpuTimer0RegsFile 
*          1    0000c6b6    00000008     UNINITIALIZED
                  0000c6b6    00000008     DSP2833x_GlobalVariableDefs.obj (CpuTimer0RegsFile)

EPwm1RegsFile 
*          1    0000c6c0    00000022     UNINITIALIZED
                  0000c6c0    00000022     DSP2833x_GlobalVariableDefs.obj (EPwm1RegsFile)

AdcRegsFile 
*          1    0000c6e2    0000001e     UNINITIALIZED
                  0000c6e2    0000001e     DSP2833x_GlobalVariableDefs.obj (AdcRegsFile)

EPwm2RegsFile 
*          1    0000c700    00000022     UNINITIALIZED
                  0000c700    00000022     DSP2833x_GlobalVariableDefs.obj (EPwm2RegsFile)

XintfRegsFile 
*          1    0000c722    0000001e     UNINITIALIZED
                  0000c722    0000001e     DSP2833x_GlobalVariableDefs.obj (XintfRegsFile)

EPwm3RegsFile 
*          1    0000c740    00000022     UNINITIALIZED
                  0000c740    00000022     DSP2833x_GlobalVariableDefs.obj (EPwm3RegsFile)

SciaRegsFile 
*          1    0000c762    00000010     UNINITIALIZED
                  0000c762    00000010     DSP2833x_GlobalVariableDefs.obj (SciaRegsFile)

CpuTimer1RegsFile 
*          1    0000c772    00000008     UNINITIALIZED
                  0000c772    00000008     DSP2833x_GlobalVariableDefs.obj (CpuTimer1RegsFile)

EPwm4RegsFile 
*          1    0000c780    00000022     UNINITIALIZED
                  0000c780    00000022     DSP2833x_GlobalVariableDefs.obj (EPwm4RegsFile)

ScibRegsFile 
*          1    0000c7a2    00000010     UNINITIALIZED
                  0000c7a2    00000010     DSP2833x_GlobalVariableDefs.obj (ScibRegsFile)

CpuTimer2RegsFile 
*          1    0000c7b2    00000008     UNINITIALIZED
                  0000c7b2    00000008     DSP2833x_GlobalVariableDefs.obj (CpuTimer2RegsFile)

EPwm5RegsFile 
*          1    0000c7c0    00000022     UNINITIALIZED
                  0000c7c0    00000022     DSP2833x_GlobalVariableDefs.obj (EPwm5RegsFile)

ScicRegsFile 
*          1    0000c7e2    00000010     UNINITIALIZED
                  0000c7e2    00000010     DSP2833x_GlobalVariableDefs.obj (ScicRegsFile)

CsmPwlFile 
*          1    0000c7f2    00000008     UNINITIALIZED
                  0000c7f2    00000008     DSP2833x_GlobalVariableDefs.obj (CsmPwlFile)

EPwm6RegsFile 
*          1    0000c800    00000022     UNINITIALIZED
                  0000c800    00000022     DSP2833x_GlobalVariableDefs.obj (EPwm6RegsFile)

SpiaRegsFile 
*          1    0000c822    00000010     UNINITIALIZED
                  0000c822    00000010     DSP2833x_GlobalVariableDefs.obj (SpiaRegsFile)

FlashRegsFile 
*          1    0000c832    00000008     UNINITIALIZED
                  0000c832    00000008     DSP2833x_GlobalVariableDefs.obj (FlashRegsFile)

I2caRegsFile 
*          1    0000c840    00000022     UNINITIALIZED
                  0000c840    00000022     DSP2833x_GlobalVariableDefs.obj (I2caRegsFile)

XIntruptRegsFile 
*          1    0000c862    00000010     UNINITIALIZED
                  0000c862    00000010     DSP2833x_GlobalVariableDefs.obj (XIntruptRegsFile)

ECap2RegsFile 
*          1    0000c880    00000020     UNINITIALIZED
                  0000c880    00000020     DSP2833x_GlobalVariableDefs.obj (ECap2RegsFile)

ECap3RegsFile 
*          1    0000c8a0    00000020     UNINITIALIZED
                  0000c8a0    00000020     DSP2833x_GlobalVariableDefs.obj (ECap3RegsFile)

ECap4RegsFile 
*          1    0000c8c0    00000020     UNINITIALIZED
                  0000c8c0    00000020     DSP2833x_GlobalVariableDefs.obj (ECap4RegsFile)

ECap5RegsFile 
*          1    0000c8e0    00000020     UNINITIALIZED
                  0000c8e0    00000020     DSP2833x_GlobalVariableDefs.obj (ECap5RegsFile)

ECap6RegsFile 
*          1    0000c900    00000020     UNINITIALIZED
                  0000c900    00000020     DSP2833x_GlobalVariableDefs.obj (ECap6RegsFile)

GpioDataRegsFile 
*          1    0000c920    00000020     UNINITIALIZED
                  0000c920    00000020     DSP2833x_GlobalVariableDefs.obj (GpioDataRegsFile)

SysCtrlRegsFile 
*          1    0000c940    00000020     UNINITIALIZED
                  0000c940    00000020     DSP2833x_GlobalVariableDefs.obj (SysCtrlRegsFile)

MODULE SUMMARY

       Module                            code   initialized data   uninitialized data
       ------                            ----   ----------------   ------------------
    ./
       DSP2833x_GlobalVariableDefs.obj   0      0                  2679              
       DSP2833x_SysCtrl.obj              247    0                  0                 
       main.obj                          211    0                  0                 
       DSP2833x_CodeStartBranch.obj      10     0                  0                 
       DSP2833x_ADC_cal.obj              7      0                  0                 
       DSP2833x_usDelay.obj              4      0                  0                 
    +--+---------------------------------+------+------------------+--------------------+
       Total:                            479    0                  2679              
                                                                                     
    /home/TTavella/ti/ccs1120/ccs/tools/compiler/ti-cgt-c2000_22.6.0.LTS/lib/rts2800_fpu32.lib
       boot28.asm.obj                    86     0                  0                 
       exit.c.obj                        41     14                 6                 
       cpy_tbl.c.obj                     36     0                  0                 
       memcpy.c.obj                      29     0                  0                 
       _lock.c.obj                       9      10                 4                 
       args_main.c.obj                   18     0                  0                 
       pre_init.c.obj                    2      0                  0                 
       startup.c.obj                     1      0                  0                 
    +--+---------------------------------+------+------------------+--------------------+
       Total:                            222    24                 10                
                                                                                     
       Stack:                            0      0                  768               
    +--+---------------------------------+------+------------------+--------------------+
       Grand Total:                      701    24                 3457              


GLOBAL DATA SYMBOLS: SORTED BY DATA PAGE

address     data page           name
--------    ----------------    ----
00000002       0 (00000000)     _ECanaRegs
00000036       0 (00000000)     _GpioIntRegs

00000040       1 (00000040)     _AdcMirror

00000400      10 (00000400)     __stack

00000700      1c (00000700)     _ECanaMboxes

0000c000     300 (0000c000)     ___TI_enable_exit_profile_output
0000c002     300 (0000c000)     ___TI_cleanup_ptr
0000c004     300 (0000c000)     ___TI_dtors_ptr
0000c006     300 (0000c000)     __lock
0000c008     300 (0000c000)     __unlock
0000c00a     300 (0000c000)     _ECanbRegs
0000c03e     300 (0000c000)     _PartIdRegs

0000c040     301 (0000c040)     _ECanbMboxes

0000c140     305 (0000c140)     _PieVectTable

0000c240     309 (0000c240)     _DmaRegs

0000c320     30c (0000c300)     _ECap1Regs

0000c340     30d (0000c340)     _DevEmuRegs

0000c410     310 (0000c400)     _GpioCtrlRegs

0000c440     311 (0000c440)     _ECanaLAMRegs

0000c480     312 (0000c480)     _ECanaMOTORegs

0000c4c0     313 (0000c4c0)     _ECanaMOTSRegs

0000c500     314 (0000c500)     _ECanbLAMRegs

0000c540     315 (0000c540)     _ECanbMOTORegs

0000c580     316 (0000c580)     _ECanbMOTSRegs

0000c5c0     317 (0000c5c0)     _EQep1Regs

0000c600     318 (0000c600)     _EQep2Regs

0000c640     319 (0000c640)     _McbspaRegs
0000c665     319 (0000c640)     _PieCtrlRegs

0000c680     31a (0000c680)     _McbspbRegs
0000c6a5     31a (0000c680)     _CsmRegs
0000c6b6     31a (0000c680)     _CpuTimer0Regs

0000c6c0     31b (0000c6c0)     _EPwm1Regs
0000c6e2     31b (0000c6c0)     _AdcRegs

0000c700     31c (0000c700)     _EPwm2Regs
0000c722     31c (0000c700)     _XintfRegs

0000c740     31d (0000c740)     _EPwm3Regs
0000c762     31d (0000c740)     _SciaRegs
0000c772     31d (0000c740)     _CpuTimer1Regs

0000c780     31e (0000c780)     _EPwm4Regs
0000c7a2     31e (0000c780)     _ScibRegs
0000c7b2     31e (0000c780)     _CpuTimer2Regs

0000c7c0     31f (0000c7c0)     _EPwm5Regs
0000c7e2     31f (0000c7c0)     _ScicRegs
0000c7f2     31f (0000c7c0)     _CsmPwl

0000c800     320 (0000c800)     _EPwm6Regs
0000c822     320 (0000c800)     _SpiaRegs
0000c832     320 (0000c800)     _FlashRegs

0000c840     321 (0000c840)     _I2caRegs
0000c862     321 (0000c840)     _XIntruptRegs

0000c880     322 (0000c880)     _ECap2Regs
0000c8a0     322 (0000c880)     _ECap3Regs

0000c8c0     323 (0000c8c0)     _ECap4Regs
0000c8e0     323 (0000c8c0)     _ECap5Regs

0000c900     324 (0000c900)     _ECap6Regs
0000c920     324 (0000c900)     _GpioDataRegs

0000c940     325 (0000c940)     _SysCtrlRegs


GLOBAL SYMBOLS: SORTED ALPHABETICALLY BY Name 

page  address   name                            
----  -------   ----                            
0     00009000  .text                           
0     00009220  C$$EXIT                         
0     00380080  _ADC_cal                        
1     00000040  _AdcMirror                      
1     0000c6e2  _AdcRegs                        
0     0000916d  _ConfigEPWM1                    
0     00009194  _ConfigEPWM2                    
0     000090f7  _ConfigGPIO                     
1     0000c6b6  _CpuTimer0Regs                  
1     0000c772  _CpuTimer1Regs                  
1     0000c7b2  _CpuTimer2Regs                  
1     0000c7f2  _CsmPwl                         
1     0000c6a5  _CsmRegs                        
0     000090c6  _CsmUnlock                      
0     00000050  _DSP28x_usDelay                 
1     0000c340  _DevEmuRegs                     
0     00009013  _DisableDog                     
1     0000c240  _DmaRegs                        
1     0000c440  _ECanaLAMRegs                   
1     0000c480  _ECanaMOTORegs                  
1     0000c4c0  _ECanaMOTSRegs                  
1     00000700  _ECanaMboxes                    
1     00000002  _ECanaRegs                      
1     0000c500  _ECanbLAMRegs                   
1     0000c540  _ECanbMOTORegs                  
1     0000c580  _ECanbMOTSRegs                  
1     0000c040  _ECanbMboxes                    
1     0000c00a  _ECanbRegs                      
1     0000c320  _ECap1Regs                      
1     0000c880  _ECap2Regs                      
1     0000c8a0  _ECap3Regs                      
1     0000c8c0  _ECap4Regs                      
1     0000c8e0  _ECap5Regs                      
1     0000c900  _ECap6Regs                      
1     0000c6c0  _EPwm1Regs                      
1     0000c700  _EPwm2Regs                      
1     0000c740  _EPwm3Regs                      
1     0000c780  _EPwm4Regs                      
1     0000c7c0  _EPwm5Regs                      
1     0000c800  _EPwm6Regs                      
1     0000c5c0  _EQep1Regs                      
1     0000c600  _EQep2Regs                      
1     0000c832  _FlashRegs                      
1     0000c410  _GpioCtrlRegs                   
1     0000c920  _GpioDataRegs                   
1     00000036  _GpioIntRegs                    
1     0000c840  _I2caRegs                       
0     0000906b  _InitPeripheralClocks           
0     0000901b  _InitPll                        
0     00009000  _InitSysCtrl                    
1     0000c640  _McbspaRegs                     
1     0000c680  _McbspbRegs                     
1     0000c03e  _PartIdRegs                     
1     0000c665  _PieCtrlRegs                    
1     0000c140  _PieVectTable                   
1     0000c762  _SciaRegs                       
1     0000c7a2  _ScibRegs                       
1     0000c7e2  _ScicRegs                       
0     00009009  _ServiceDog                     
1     0000c822  _SpiaRegs                       
1     0000c940  _SysCtrlRegs                    
1     0000c862  _XIntruptRegs                   
1     0000c722  _XintfRegs                      
1     00000700  __STACK_END                     
abs   00000300  __STACK_SIZE                    
1     0000c002  ___TI_cleanup_ptr               
1     0000c004  ___TI_dtors_ptr                 
1     0000c000  ___TI_enable_exit_profile_output
abs   ffffffff  ___TI_pprof_out_hndl            
abs   ffffffff  ___TI_prof_data_size            
abs   ffffffff  ___TI_prof_data_start           
abs   ffffffff  ___binit__                      
abs   ffffffff  ___c_args__                     
0     00008000  ___cinit__                      
0     000092b0  ___etext__                      
abs   ffffffff  ___pinit__                      
0     00009000  ___text__                       
0     0000928a  __args_main                     
1     0000c006  __lock                          
0     000092a4  __nop                           
0     000092a0  __register_lock                 
0     0000929c  __register_unlock               
1     00000400  __stack                         
0     000092af  __system_post_cinit             
0     000092ad  __system_pre_init               
1     0000c008  __unlock                        
0     00009220  _abort                          
0     000091ca  _c_int00                        
0     00009249  _copy_in                        
0     00009222  _exit                           
0     000091be  _main                           
0     0000926d  _memcpy                         
abs   ffffffff  binit                           
0     00008000  cinit                           
0     00000000  code_start                      
0     000092b0  etext                           
abs   ffffffff  pinit                           


GLOBAL SYMBOLS: SORTED BY Symbol Address 

page  address   name                            
----  -------   ----                            
0     00000000  code_start                      
0     00000050  _DSP28x_usDelay                 
0     00008000  ___cinit__                      
0     00008000  cinit                           
0     00009000  .text                           
0     00009000  _InitSysCtrl                    
0     00009000  ___text__                       
0     00009009  _ServiceDog                     
0     00009013  _DisableDog                     
0     0000901b  _InitPll                        
0     0000906b  _InitPeripheralClocks           
0     000090c6  _CsmUnlock                      
0     000090f7  _ConfigGPIO                     
0     0000916d  _ConfigEPWM1                    
0     00009194  _ConfigEPWM2                    
0     000091be  _main                           
0     000091ca  _c_int00                        
0     00009220  C$$EXIT                         
0     00009220  _abort                          
0     00009222  _exit                           
0     00009249  _copy_in                        
0     0000926d  _memcpy                         
0     0000928a  __args_main                     
0     0000929c  __register_unlock               
0     000092a0  __register_lock                 
0     000092a4  __nop                           
0     000092ad  __system_pre_init               
0     000092af  __system_post_cinit             
0     000092b0  ___etext__                      
0     000092b0  etext                           
0     00380080  _ADC_cal                        
1     00000002  _ECanaRegs                      
1     00000036  _GpioIntRegs                    
1     00000040  _AdcMirror                      
1     00000400  __stack                         
1     00000700  _ECanaMboxes                    
1     00000700  __STACK_END                     
1     0000c000  ___TI_enable_exit_profile_output
1     0000c002  ___TI_cleanup_ptr               
1     0000c004  ___TI_dtors_ptr                 
1     0000c006  __lock                          
1     0000c008  __unlock                        
1     0000c00a  _ECanbRegs                      
1     0000c03e  _PartIdRegs                     
1     0000c040  _ECanbMboxes                    
1     0000c140  _PieVectTable                   
1     0000c240  _DmaRegs                        
1     0000c320  _ECap1Regs                      
1     0000c340  _DevEmuRegs                     
1     0000c410  _GpioCtrlRegs                   
1     0000c440  _ECanaLAMRegs                   
1     0000c480  _ECanaMOTORegs                  
1     0000c4c0  _ECanaMOTSRegs                  
1     0000c500  _ECanbLAMRegs                   
1     0000c540  _ECanbMOTORegs                  
1     0000c580  _ECanbMOTSRegs                  
1     0000c5c0  _EQep1Regs                      
1     0000c600  _EQep2Regs                      
1     0000c640  _McbspaRegs                     
1     0000c665  _PieCtrlRegs                    
1     0000c680  _McbspbRegs                     
1     0000c6a5  _CsmRegs                        
1     0000c6b6  _CpuTimer0Regs                  
1     0000c6c0  _EPwm1Regs                      
1     0000c6e2  _AdcRegs                        
1     0000c700  _EPwm2Regs                      
1     0000c722  _XintfRegs                      
1     0000c740  _EPwm3Regs                      
1     0000c762  _SciaRegs                       
1     0000c772  _CpuTimer1Regs                  
1     0000c780  _EPwm4Regs                      
1     0000c7a2  _ScibRegs                       
1     0000c7b2  _CpuTimer2Regs                  
1     0000c7c0  _EPwm5Regs                      
1     0000c7e2  _ScicRegs                       
1     0000c7f2  _CsmPwl                         
1     0000c800  _EPwm6Regs                      
1     0000c822  _SpiaRegs                       
1     0000c832  _FlashRegs                      
1     0000c840  _I2caRegs                       
1     0000c862  _XIntruptRegs                   
1     0000c880  _ECap2Regs                      
1     0000c8a0  _ECap3Regs                      
1     0000c8c0  _ECap4Regs                      
1     0000c8e0  _ECap5Regs                      
1     0000c900  _ECap6Regs                      
1     0000c920  _GpioDataRegs                   
1     0000c940  _SysCtrlRegs                    
abs   00000300  __STACK_SIZE                    
abs   ffffffff  ___TI_pprof_out_hndl            
abs   ffffffff  ___TI_prof_data_size            
abs   ffffffff  ___TI_prof_data_start           
abs   ffffffff  ___binit__                      
abs   ffffffff  ___c_args__                     
abs   ffffffff  ___pinit__                      
abs   ffffffff  binit                           
abs   ffffffff  pinit                           

[97 symbols]
