******************************************************************************
             TMS320C2000 Linker PC v16.9.6                     
******************************************************************************
>> Linked Wed Mar 17 12:47:04 2021

OUTPUT FILE NAME:   <firmware_v2-2017.out>
ENTRY POINT SYMBOL: "_c_int00"  address: 00339a29


MEMORY CONFIGURATION

         name            origin    length      used     unused   attr    fill
----------------------  --------  ---------  --------  --------  ----  --------
PAGE 0:
  ZONE0                 00004000   00001000  00000000  00001000  RWIX
  RAML0                 00008000   00001000  00000004  00000ffc  RWIX
  RAML1                 00009000   00001000  00000000  00001000  RWIX
  RAML2                 0000a000   00001000  00000000  00001000  RWIX
  RAML3                 0000b000   00001000  00000000  00001000  RWIX
  ZONE6                 00100000   00100000  00000000  00100000  RWIX
  ZONE7A                00200000   0000fc00  00000000  0000fc00  RWIX
  FLASHH                00300000   00008000  00000000  00008000  RWIX
  FLASHG                00308000   00008000  00000000  00008000  RWIX
  FLASHF                00310000   00008000  00000000  00008000  RWIX
  FLASHE                00318000   00008000  00000000  00008000  RWIX
  FLASHD                00320000   00008000  00000004  00007ffc  RWIX
  FLASHC                00328000   00008000  00000000  00008000  RWIX
  FLASHA                00338000   00007f80  00001e43  0000613d  RWIX
  CSM_RSVD              0033ff80   00000076  00000000  00000076  RWIX
  BEGIN                 0033fff6   00000002  00000002  00000000  RWIX
  CSM_PWL               0033fff8   00000008  00000000  00000008  RWIX
  ADC_CAL               00380080   00000009  00000007  00000002  RWIX
  OTP                   00380400   00000400  00000000  00000400  RWIX
  IQTABLES              003fe000   00000b50  00000000  00000b50  RWIX
  IQTABLES2             003feb50   0000008c  00000000  0000008c  RWIX
  FPUTABLES             003febdc   000006a0  00000000  000006a0  RWIX
  ROM                   003ff27c   00000d44  00000000  00000d44  RWIX
  RESET                 003fffc0   00000002  00000000  00000002  RWIX
  VECTORS               003fffc2   0000003e  00000000  0000003e  RWIX

PAGE 1:
  BOOT_RSVD             00000000   00000050  00000000  00000050  RWIX
  RAMM0                 00000050   000003b0  00000000  000003b0  RWIX
  RAMM1                 00000400   00000400  00000300  00000100  RWIX
  DEV_EMU               00000880   00000180  000000d0  000000b0  RWIX
  FLASH_REGS            00000a80   00000060  00000008  00000058  RWIX
  CSM                   00000ae0   00000010  00000010  00000000  RWIX
  ADC_MIRROR            00000b00   00000010  00000010  00000000  RWIX
  XINTF                 00000b20   00000020  0000001e  00000002  RWIX
  CPU_TIMER0            00000c00   00000008  00000008  00000000  RWIX
  CPU_TIMER1            00000c08   00000008  00000008  00000000  RWIX
  CPU_TIMER2            00000c10   00000008  00000008  00000000  RWIX
  PIE_CTRL              00000ce0   00000020  0000001a  00000006  RWIX
  PIE_VECT              00000d00   00000100  00000100  00000000  RWIX
  DMA                   00001000   00000200  000000e0  00000120  RWIX
  MCBSPA                00005000   00000040  00000025  0000001b  RWIX
  MCBSPB                00005040   00000040  00000025  0000001b  RWIX
  ECANA                 00006000   00000040  00000034  0000000c  RWIX
  ECANA_LAM             00006040   00000040  00000040  00000000  RWIX
  ECANA_MOTS            00006080   00000040  00000040  00000000  RWIX
  ECANA_MOTO            000060c0   00000040  00000040  00000000  RWIX
  ECANA_MBOX            00006100   00000100  00000100  00000000  RWIX
  ECANB                 00006200   00000040  00000034  0000000c  RWIX
  ECANB_LAM             00006240   00000040  00000040  00000000  RWIX
  ECANB_MOTS            00006280   00000040  00000040  00000000  RWIX
  ECANB_MOTO            000062c0   00000040  00000040  00000000  RWIX
  ECANB_MBOX            00006300   00000100  00000100  00000000  RWIX
  EPWM1                 00006800   00000022  00000022  00000000  RWIX
  EPWM2                 00006840   00000022  00000022  00000000  RWIX
  EPWM3                 00006880   00000022  00000022  00000000  RWIX
  EPWM4                 000068c0   00000022  00000022  00000000  RWIX
  EPWM5                 00006900   00000022  00000022  00000000  RWIX
  EPWM6                 00006940   00000022  00000022  00000000  RWIX
  ECAP1                 00006a00   00000020  00000020  00000000  RWIX
  ECAP2                 00006a20   00000020  00000020  00000000  RWIX
  ECAP3                 00006a40   00000020  00000020  00000000  RWIX
  ECAP4                 00006a60   00000020  00000020  00000000  RWIX
  ECAP5                 00006a80   00000020  00000020  00000000  RWIX
  ECAP6                 00006aa0   00000020  00000020  00000000  RWIX
  EQEP1                 00006b00   00000040  00000040  00000000  RWIX
  EQEP2                 00006b40   00000040  00000040  00000000  RWIX
  GPIOCTRL              00006f80   00000040  0000002e  00000012  RWIX
  GPIODAT               00006fc0   00000020  00000020  00000000  RWIX
  GPIOINT               00006fe0   00000020  0000000a  00000016  RWIX
  SYSTEM                00007010   00000020  00000020  00000000  RWIX
  SPIA                  00007040   00000010  00000010  00000000  RWIX
  SCIA                  00007050   00000010  00000010  00000000  RWIX
  XINTRUPT              00007070   00000010  00000010  00000000  RWIX
  ADC                   00007100   00000020  0000001e  00000002  RWIX
  SCIB                  00007750   00000010  00000010  00000000  RWIX
  SCIC                  00007770   00000010  00000010  00000000  RWIX
  I2CA                  00007900   00000040  00000022  0000001e  RWIX
  RAML4                 0000c000   00001000  0000027b  00000d85  RWIX
  RAML5                 0000d000   00001000  00000000  00001000  RWIX
  RAML6                 0000e000   00001000  00000000  00001000  RWIX
  RAML7                 0000f000   00001000  00000000  00001000  RWIX
  ZONE7B                0020fc00   00000400  00000000  00000400  RWIX
  FLASHB                00330000   00008000  00000000  00008000  RWIX
  CSM_PWL               0033fff8   00000008  00000008  00000000  RWIX
  PARTID                00380090   00000001  00000001  00000000  RWIX


SECTION ALLOCATION MAP

 output                                  attributes/
section   page    origin      length       input sections
--------  ----  ----------  ----------   ----------------
ramfuncs   0    00320000    00000004     RUN ADDR = 00008000
                  00320000    00000004     DSP2833x_usDelay.obj (ramfuncs)

.text      0    00338000    00001c97     
                  00338000    000003fb     DSP_control.obj (.text:retain)
                  003383fb    00000385     DSP_serial.obj (.text)
                  00338780    00000368     DSP_user.obj (.text:retain)
                  00338ae8    00000324     DSP_configuration.obj (.text)
                  00338e0c    00000316     DSP2833x_DefaultIsr.obj (.text:retain)
                  00339122    000001e5     DSP_control.obj (.text)
                  00339307    0000018b     DSP_configuration.obj (.text:retain)
                  00339492    00000110     rts2800_fpu32.lib : e_expf.obj (.text)
                  003395a2    000000f8     DSP2833x_SysCtrl.obj (.text)
                  0033969a    000000b2     DSP_Enconder.obj (.text)
                  0033974c    000000b1     DSP_Enconder.obj (.text:retain)
                  003397fd    00000088     rts2800_fpu32.lib : fs_div28.obj (.text)
                  00339885    0000007d     DSP_user.obj (.text)
                  00339902    00000073     DSP2833x_CpuTimers.obj (.text)
                  00339975    0000005e     main.obj (.text)
                  003399d3    00000056     DSP2833x_EQep.obj (.text)
                  00339a29    00000056     rts2800_fpu32.lib : boot28.obj (.text)
                  00339a7f    0000004d     DSP_dac.obj (.text)
                  00339acc    00000048     DSP2833x_Sci.obj (.text)
                  00339b14    00000042     DSP_timer.obj (.text)
                  00339b56    0000002a     DSP2833x_Spi.obj (.text)
                  00339b80    00000029     rts2800_fpu32.lib : exit.obj (.text)
                  00339ba9    00000028     DSP2833x_PieCtrl.obj (.text)
                  00339bd1    00000024     rts2800_fpu32.lib : cpy_tbl.obj (.text)
                  00339bf5    00000020     DSP2833x_PieVect.obj (.text)
                  00339c15    0000001e     DSP_spi.obj (.text)
                  00339c33    0000001e     rts2800_fpu32.lib : memcpy.obj (.text)
                  00339c51    00000019                       : args_main.obj (.text)
                  00339c6a    00000012     DSP_timer.obj (.text:retain)
                  00339c7c    00000009     rts2800_fpu32.lib : _lock.obj (.text)
                  00339c85    00000008     DSP2833x_CodeStartBranch.obj (.text)
                  00339c8d    00000007     DSP2833x_DisInt.obj (.text)
                  00339c94    00000002     rts2800_fpu32.lib : pre_init.obj (.text)
                  00339c96    00000001                       : startup.obj (.text)

.econst    0    00339c98    0000011c     
                  00339c98    00000100     DSP2833x_PieVect.obj (.econst:_PieVectTableInit)
                  00339d98    00000010     rts2800_fpu32.lib : e_expf.obj (.econst)
                  00339da8    00000004                       : e_expf.obj (.econst:_halF)
                  00339dac    00000004                       : e_expf.obj (.econst:_ln2HI)
                  00339db0    00000004                       : e_expf.obj (.econst:_ln2LO)

.cinit     0    00339db4    00000078     
                  00339db4    0000003f     main.obj (.cinit)
                  00339df3    0000001b     DSP_user.obj (.cinit)
                  00339e0e    0000000e     rts2800_fpu32.lib : exit.obj (.cinit)
                  00339e1c    00000005                       : _lock.obj (.cinit:__lock)
                  00339e21    00000005                       : _lock.obj (.cinit:__unlock)
                  00339e26    00000004                       : errno.obj (.cinit)
                  00339e2a    00000002     --HOLE-- [fill = 0]

.switch    0    00339e2c    00000018     
                  00339e2c    00000018     DSP_user.obj (.switch:_user_task)

codestart 
*          0    0033fff6    00000002     
                  0033fff6    00000002     DSP2833x_CodeStartBranch.obj (codestart)

.adc_cal   0    00380080    00000007     NOLOAD SECTION
                  00380080    00000007     DSP2833x_ADC_cal.obj (.adc_cal)

.stack     1    00000400    00000300     UNINITIALIZED
                  00000400    00000300     --HOLE--

DevEmuRegsFile 
*          1    00000880    000000d0     UNINITIALIZED
                  00000880    000000d0     DSP2833x_GlobalVariableDefs.obj (DevEmuRegsFile)

FlashRegsFile 
*          1    00000a80    00000008     UNINITIALIZED
                  00000a80    00000008     DSP2833x_GlobalVariableDefs.obj (FlashRegsFile)

CsmRegsFile 
*          1    00000ae0    00000010     UNINITIALIZED
                  00000ae0    00000010     DSP2833x_GlobalVariableDefs.obj (CsmRegsFile)

AdcMirrorFile 
*          1    00000b00    00000010     UNINITIALIZED
                  00000b00    00000010     DSP2833x_GlobalVariableDefs.obj (AdcMirrorFile)

XintfRegsFile 
*          1    00000b20    0000001e     UNINITIALIZED
                  00000b20    0000001e     DSP2833x_GlobalVariableDefs.obj (XintfRegsFile)

CpuTimer0RegsFile 
*          1    00000c00    00000008     UNINITIALIZED
                  00000c00    00000008     DSP2833x_GlobalVariableDefs.obj (CpuTimer0RegsFile)

CpuTimer1RegsFile 
*          1    00000c08    00000008     UNINITIALIZED
                  00000c08    00000008     DSP2833x_GlobalVariableDefs.obj (CpuTimer1RegsFile)

CpuTimer2RegsFile 
*          1    00000c10    00000008     UNINITIALIZED
                  00000c10    00000008     DSP2833x_GlobalVariableDefs.obj (CpuTimer2RegsFile)

PieCtrlRegsFile 
*          1    00000ce0    0000001a     UNINITIALIZED
                  00000ce0    0000001a     DSP2833x_GlobalVariableDefs.obj (PieCtrlRegsFile)

PieVectTableFile 
*          1    00000d00    00000100     UNINITIALIZED
                  00000d00    00000100     DSP2833x_GlobalVariableDefs.obj (PieVectTableFile)

DmaRegsFile 
*          1    00001000    000000e0     UNINITIALIZED
                  00001000    000000e0     DSP2833x_GlobalVariableDefs.obj (DmaRegsFile)

McbspaRegsFile 
*          1    00005000    00000025     UNINITIALIZED
                  00005000    00000025     DSP2833x_GlobalVariableDefs.obj (McbspaRegsFile)

McbspbRegsFile 
*          1    00005040    00000025     UNINITIALIZED
                  00005040    00000025     DSP2833x_GlobalVariableDefs.obj (McbspbRegsFile)

ECanaRegsFile 
*          1    00006000    00000034     UNINITIALIZED
                  00006000    00000034     DSP2833x_GlobalVariableDefs.obj (ECanaRegsFile)

ECanaLAMRegsFile 
*          1    00006040    00000040     UNINITIALIZED
                  00006040    00000040     DSP2833x_GlobalVariableDefs.obj (ECanaLAMRegsFile)

ECanaMOTSRegsFile 
*          1    00006080    00000040     UNINITIALIZED
                  00006080    00000040     DSP2833x_GlobalVariableDefs.obj (ECanaMOTSRegsFile)

ECanaMOTORegsFile 
*          1    000060c0    00000040     UNINITIALIZED
                  000060c0    00000040     DSP2833x_GlobalVariableDefs.obj (ECanaMOTORegsFile)

ECanaMboxesFile 
*          1    00006100    00000100     UNINITIALIZED
                  00006100    00000100     DSP2833x_GlobalVariableDefs.obj (ECanaMboxesFile)

ECanbRegsFile 
*          1    00006200    00000034     UNINITIALIZED
                  00006200    00000034     DSP2833x_GlobalVariableDefs.obj (ECanbRegsFile)

ECanbLAMRegsFile 
*          1    00006240    00000040     UNINITIALIZED
                  00006240    00000040     DSP2833x_GlobalVariableDefs.obj (ECanbLAMRegsFile)

ECanbMOTSRegsFile 
*          1    00006280    00000040     UNINITIALIZED
                  00006280    00000040     DSP2833x_GlobalVariableDefs.obj (ECanbMOTSRegsFile)

ECanbMOTORegsFile 
*          1    000062c0    00000040     UNINITIALIZED
                  000062c0    00000040     DSP2833x_GlobalVariableDefs.obj (ECanbMOTORegsFile)

ECanbMboxesFile 
*          1    00006300    00000100     UNINITIALIZED
                  00006300    00000100     DSP2833x_GlobalVariableDefs.obj (ECanbMboxesFile)

EPwm1RegsFile 
*          1    00006800    00000022     UNINITIALIZED
                  00006800    00000022     DSP2833x_GlobalVariableDefs.obj (EPwm1RegsFile)

EPwm2RegsFile 
*          1    00006840    00000022     UNINITIALIZED
                  00006840    00000022     DSP2833x_GlobalVariableDefs.obj (EPwm2RegsFile)

EPwm3RegsFile 
*          1    00006880    00000022     UNINITIALIZED
                  00006880    00000022     DSP2833x_GlobalVariableDefs.obj (EPwm3RegsFile)

EPwm4RegsFile 
*          1    000068c0    00000022     UNINITIALIZED
                  000068c0    00000022     DSP2833x_GlobalVariableDefs.obj (EPwm4RegsFile)

EPwm5RegsFile 
*          1    00006900    00000022     UNINITIALIZED
                  00006900    00000022     DSP2833x_GlobalVariableDefs.obj (EPwm5RegsFile)

EPwm6RegsFile 
*          1    00006940    00000022     UNINITIALIZED
                  00006940    00000022     DSP2833x_GlobalVariableDefs.obj (EPwm6RegsFile)

ECap1RegsFile 
*          1    00006a00    00000020     UNINITIALIZED
                  00006a00    00000020     DSP2833x_GlobalVariableDefs.obj (ECap1RegsFile)

ECap2RegsFile 
*          1    00006a20    00000020     UNINITIALIZED
                  00006a20    00000020     DSP2833x_GlobalVariableDefs.obj (ECap2RegsFile)

ECap3RegsFile 
*          1    00006a40    00000020     UNINITIALIZED
                  00006a40    00000020     DSP2833x_GlobalVariableDefs.obj (ECap3RegsFile)

ECap4RegsFile 
*          1    00006a60    00000020     UNINITIALIZED
                  00006a60    00000020     DSP2833x_GlobalVariableDefs.obj (ECap4RegsFile)

ECap5RegsFile 
*          1    00006a80    00000020     UNINITIALIZED
                  00006a80    00000020     DSP2833x_GlobalVariableDefs.obj (ECap5RegsFile)

ECap6RegsFile 
*          1    00006aa0    00000020     UNINITIALIZED
                  00006aa0    00000020     DSP2833x_GlobalVariableDefs.obj (ECap6RegsFile)

EQep1RegsFile 
*          1    00006b00    00000040     UNINITIALIZED
                  00006b00    00000040     DSP2833x_GlobalVariableDefs.obj (EQep1RegsFile)

EQep2RegsFile 
*          1    00006b40    00000040     UNINITIALIZED
                  00006b40    00000040     DSP2833x_GlobalVariableDefs.obj (EQep2RegsFile)

GpioCtrlRegsFile 
*          1    00006f80    0000002e     UNINITIALIZED
                  00006f80    0000002e     DSP2833x_GlobalVariableDefs.obj (GpioCtrlRegsFile)

GpioDataRegsFile 
*          1    00006fc0    00000020     UNINITIALIZED
                  00006fc0    00000020     DSP2833x_GlobalVariableDefs.obj (GpioDataRegsFile)

GpioIntRegsFile 
*          1    00006fe0    0000000a     UNINITIALIZED
                  00006fe0    0000000a     DSP2833x_GlobalVariableDefs.obj (GpioIntRegsFile)

SysCtrlRegsFile 
*          1    00007010    00000020     UNINITIALIZED
                  00007010    00000020     DSP2833x_GlobalVariableDefs.obj (SysCtrlRegsFile)

SpiaRegsFile 
*          1    00007040    00000010     UNINITIALIZED
                  00007040    00000010     DSP2833x_GlobalVariableDefs.obj (SpiaRegsFile)

SciaRegsFile 
*          1    00007050    00000010     UNINITIALIZED
                  00007050    00000010     DSP2833x_GlobalVariableDefs.obj (SciaRegsFile)

XIntruptRegsFile 
*          1    00007070    00000010     UNINITIALIZED
                  00007070    00000010     DSP2833x_GlobalVariableDefs.obj (XIntruptRegsFile)

AdcRegsFile 
*          1    00007100    0000001e     UNINITIALIZED
                  00007100    0000001e     DSP2833x_GlobalVariableDefs.obj (AdcRegsFile)

ScibRegsFile 
*          1    00007750    00000010     UNINITIALIZED
                  00007750    00000010     DSP2833x_GlobalVariableDefs.obj (ScibRegsFile)

ScicRegsFile 
*          1    00007770    00000010     UNINITIALIZED
                  00007770    00000010     DSP2833x_GlobalVariableDefs.obj (ScicRegsFile)

I2caRegsFile 
*          1    00007900    00000022     UNINITIALIZED
                  00007900    00000022     DSP2833x_GlobalVariableDefs.obj (I2caRegsFile)

.ebss      1    0000c000    0000027b     UNINITIALIZED
                  0000c000    00000240     main.obj (.ebss)
                  0000c240    00000018     DSP2833x_CpuTimers.obj (.ebss)
                  0000c258    00000018     DSP_user.obj (.ebss)
                  0000c270    00000006     rts2800_fpu32.lib : exit.obj (.ebss)
                  0000c276    00000002                       : _lock.obj (.ebss:__lock)
                  0000c278    00000002                       : _lock.obj (.ebss:__unlock)
                  0000c27a    00000001                       : errno.obj (.ebss)

CsmPwlFile 
*          1    0033fff8    00000008     UNINITIALIZED
                  0033fff8    00000008     DSP2833x_GlobalVariableDefs.obj (CsmPwlFile)

PartIdRegsFile 
*          1    00380090    00000001     UNINITIALIZED
                  00380090    00000001     DSP2833x_GlobalVariableDefs.obj (PartIdRegsFile)

.pinit     0    00338000    00000000     UNINITIALIZED

.reset     0    003fffc0    00000002     DSECT
                  003fffc0    00000002     rts2800_fpu32.lib : boot28.obj (.reset)

vectors    0    003fffc2    00000000     DSECT

MODULE SUMMARY

       Module                            code   initialized data   uninitialized data
       ------                            ----   ----------------   ------------------
    .\
       DSP2833x_GlobalVariableDefs.obj   0      0                  2679              
       DSP_control.obj                   1504   0                  0                 
       DSP_configuration.obj             1199   0                  0                 
       DSP_user.obj                      997    51                 24                
       DSP_serial.obj                    901    0                  0                 
       DSP2833x_DefaultIsr.obj           790    0                  0                 
       main.obj                          94     63                 576               
       DSP_Enconder.obj                  355    0                  0                 
       DSP2833x_PieVect.obj              32     256                0                 
       DSP2833x_SysCtrl.obj              248    0                  0                 
       DSP2833x_CpuTimers.obj            115    0                  24                
       DSP2833x_EQep.obj                 86     0                  0                 
       DSP_timer.obj                     84     0                  0                 
       DSP_dac.obj                       77     0                  0                 
       DSP2833x_Sci.obj                  72     0                  0                 
       DSP2833x_Spi.obj                  42     0                  0                 
       DSP2833x_PieCtrl.obj              40     0                  0                 
       DSP_spi.obj                       30     0                  0                 
       DSP2833x_CodeStartBranch.obj      10     0                  0                 
       DSP2833x_usDelay.obj              8      0                  0                 
       DSP2833x_ADC_cal.obj              7      0                  0                 
       DSP2833x_DisInt.obj               7      0                  0                 
    +--+---------------------------------+------+------------------+--------------------+
       Total:                            6698   370                3303              
                                                                                     
    C:\ti\ccsv7\tools\compiler\ti-cgt-c2000_16.9.6.LTS\lib\rts2800_fpu32.lib
       e_expf.obj                        272    28                 0                 
       fs_div28.obj                      136    0                  0                 
       boot28.obj                        86     0                  0                 
       exit.obj                          41     14                 6                 
       cpy_tbl.obj                       36     0                  0                 
       memcpy.obj                        30     0                  0                 
       args_main.obj                     25     0                  0                 
       _lock.obj                         9      10                 4                 
       errno.obj                         0      4                  1                 
       pre_init.obj                      2      0                  0                 
       startup.obj                       1      0                  0                 
    +--+---------------------------------+------+------------------+--------------------+
       Total:                            638    56                 11                
                                                                                     
       Stack:                            0      0                  768               
    +--+---------------------------------+------+------------------+--------------------+
       Grand Total:                      7336   426                4082              


GLOBAL DATA SYMBOLS: SORTED BY DATA PAGE

address     data page           name
--------    ----------------    ----
00000400      10 (00000400)     __stack

00000880      22 (00000880)     _DevEmuRegs

00000a80      2a (00000a80)     _FlashRegs

00000ae0      2b (00000ac0)     _CsmRegs

00000b00      2c (00000b00)     _AdcMirror
00000b20      2c (00000b00)     _XintfRegs

00000c00      30 (00000c00)     _CpuTimer0Regs
00000c08      30 (00000c00)     _CpuTimer1Regs
00000c10      30 (00000c00)     _CpuTimer2Regs

00000ce0      33 (00000cc0)     _PieCtrlRegs

00000d00      34 (00000d00)     _PieVectTable

00001000      40 (00001000)     _DmaRegs

00005000     140 (00005000)     _McbspaRegs

00005040     141 (00005040)     _McbspbRegs

00006000     180 (00006000)     _ECanaRegs

00006040     181 (00006040)     _ECanaLAMRegs

00006080     182 (00006080)     _ECanaMOTSRegs

000060c0     183 (000060c0)     _ECanaMOTORegs

00006100     184 (00006100)     _ECanaMboxes

00006200     188 (00006200)     _ECanbRegs

00006240     189 (00006240)     _ECanbLAMRegs

00006280     18a (00006280)     _ECanbMOTSRegs

000062c0     18b (000062c0)     _ECanbMOTORegs

00006300     18c (00006300)     _ECanbMboxes

00006800     1a0 (00006800)     _EPwm1Regs

00006840     1a1 (00006840)     _EPwm2Regs

00006880     1a2 (00006880)     _EPwm3Regs

000068c0     1a3 (000068c0)     _EPwm4Regs

00006900     1a4 (00006900)     _EPwm5Regs

00006940     1a5 (00006940)     _EPwm6Regs

00006a00     1a8 (00006a00)     _ECap1Regs
00006a20     1a8 (00006a00)     _ECap2Regs

00006a40     1a9 (00006a40)     _ECap3Regs
00006a60     1a9 (00006a40)     _ECap4Regs

00006a80     1aa (00006a80)     _ECap5Regs
00006aa0     1aa (00006a80)     _ECap6Regs

00006b00     1ac (00006b00)     _EQep1Regs

00006b40     1ad (00006b40)     _EQep2Regs

00006f80     1be (00006f80)     _GpioCtrlRegs

00006fc0     1bf (00006fc0)     _GpioDataRegs
00006fe0     1bf (00006fc0)     _GpioIntRegs

00007010     1c0 (00007000)     _SysCtrlRegs

00007040     1c1 (00007040)     _SpiaRegs
00007050     1c1 (00007040)     _SciaRegs
00007070     1c1 (00007040)     _XIntruptRegs

00007100     1c4 (00007100)     _AdcRegs

00007750     1dd (00007740)     _ScibRegs
00007770     1dd (00007740)     _ScicRegs

00007900     1e4 (00007900)     _I2caRegs

0000c000     300 (0000c000)     _state_emu
0000c001     300 (0000c000)     _sample
0000c002     300 (0000c000)     _state_cfg
0000c004     300 (0000c000)     _w_test
0000c006     300 (0000c000)     _vTA
0000c008     300 (0000c000)     _u_ant
0000c00a     300 (0000c000)     _wm
0000c00c     300 (0000c000)     _time_ms
0000c00e     300 (0000c000)     _pitch
0000c010     300 (0000c000)     _wind
0000c012     300 (0000c000)     _user_enable
0000c020     300 (0000c000)     _workbench

0000c040     301 (0000c040)     _cfg_Siegfried_default
0000c060     301 (0000c040)     _cfg_Polynomial_default

0000c080     302 (0000c080)     _cfg1
0000c0a0     302 (0000c080)     _cfg

0000c0c0     303 (0000c0c0)     _cfg2
0000c0e0     303 (0000c0c0)     _cfg4

0000c100     304 (0000c100)     _cfg3
0000c120     304 (0000c100)     _cfg_PID_default

0000c140     305 (0000c140)     _speed

0000c240     309 (0000c240)     _CpuTimer1
0000c248     309 (0000c240)     _CpuTimer2
0000c250     309 (0000c240)     _CpuTimer0
0000c258     309 (0000c240)     _ms_user
0000c270     309 (0000c240)     ___TI_enable_exit_profile_output
0000c272     309 (0000c240)     ___TI_cleanup_ptr
0000c274     309 (0000c240)     ___TI_dtors_ptr
0000c276     309 (0000c240)     __lock
0000c278     309 (0000c240)     __unlock
0000c27a     309 (0000c240)     _errno

00339c98    ce72 (00339c80)     _PieVectTableInit

0033fff8    cfff (0033ffc0)     _CsmPwl

00380090    e002 (00380080)     _PartIdRegs


GLOBAL SYMBOLS: SORTED ALPHABETICALLY BY Name 

page  address   name                            
----  -------   ----                            
0     00338000  .text                           
0     00339b80  C$$EXIT                         
0     003397fd  FS$$DIV                         
0     00338ef2  _ADCINT_ISR                     
0     00380080  _ADC_cal                        
1     00000b00  _AdcMirror                      
1     00007100  _AdcRegs                        
0     00338323  _CAL_const_interrupt            
0     003382c6  _CAL_ramp_interrupt             
0     0033993b  _ConfigCpuTimer                 
0     00339208  _Cp_Polynomial                  
0     00339176  _Cp_Siegfried                   
1     0000c250  _CpuTimer0                      
1     00000c00  _CpuTimer0Regs                  
1     0000c240  _CpuTimer1                      
1     00000c08  _CpuTimer1Regs                  
1     0000c248  _CpuTimer2                      
1     00000c10  _CpuTimer2Regs                  
1     0033fff8  _CsmPwl                         
1     00000ae0  _CsmRegs                        
0     00339669  _CsmUnlock                      
0     00338e20  _DATALOG_ISR                    
0     00339014  _DINTCH1_ISR                    
0     0033901e  _DINTCH2_ISR                    
0     00339028  _DINTCH3_ISR                    
0     00339032  _DINTCH4_ISR                    
0     0033903c  _DINTCH5_ISR                    
0     00339046  _DINTCH6_ISR                    
0     00338ca3  _DIP4init                       
0     00339c8d  _DSP28x_DisableInt              
0     00339c91  _DSP28x_RestoreInt              
0     00008000  _DSP28x_usDelay                 
1     00000880  _DevEmuRegs                     
0     003395b5  _DisableDog                     
1     00001000  _DmaRegs                        
0     003390a0  _ECAN0INTA_ISR                  
0     003390b4  _ECAN0INTB_ISR                  
0     003390aa  _ECAN1INTA_ISR                  
0     003390be  _ECAN1INTB_ISR                  
0     00338f88  _ECAP1_INT_ISR                  
0     00338f92  _ECAP2_INT_ISR                  
0     00338f9c  _ECAP3_INT_ISR                  
0     00338fa6  _ECAP4_INT_ISR                  
0     00338fb0  _ECAP5_INT_ISR                  
0     00338fba  _ECAP6_INT_ISR                  
1     00006040  _ECanaLAMRegs                   
1     000060c0  _ECanaMOTORegs                  
1     00006080  _ECanaMOTSRegs                  
1     00006100  _ECanaMboxes                    
1     00006000  _ECanaRegs                      
1     00006240  _ECanbLAMRegs                   
1     000062c0  _ECanbMOTORegs                  
1     00006280  _ECanbMOTSRegs                  
1     00006300  _ECanbMboxes                    
1     00006200  _ECanbRegs                      
1     00006a00  _ECap1Regs                      
1     00006a20  _ECap2Regs                      
1     00006a40  _ECap3Regs                      
1     00006a60  _ECap4Regs                      
1     00006a80  _ECap5Regs                      
1     00006aa0  _ECap6Regs                      
0     00338e34  _EMUINT_ISR                     
0     00338f4c  _EPWM1_INT_ISR                  
0     00338f10  _EPWM1_TZINT_ISR                
0     00338f56  _EPWM2_INT_ISR                  
0     00338f1a  _EPWM2_TZINT_ISR                
0     00338f60  _EPWM3_INT_ISR                  
0     00338f24  _EPWM3_TZINT_ISR                
0     00338f6a  _EPWM4_INT_ISR                  
0     00338f2e  _EPWM4_TZINT_ISR                
0     00338f74  _EPWM5_INT_ISR                  
0     00338f38  _EPWM5_TZINT_ISR                
0     00338f7e  _EPWM6_INT_ISR                  
0     00338f42  _EPWM6_TZINT_ISR                
1     00006800  _EPwm1Regs                      
1     00006840  _EPwm2Regs                      
1     00006880  _EPwm3Regs                      
1     000068c0  _EPwm4Regs                      
1     00006900  _EPwm5Regs                      
1     00006940  _EPwm6Regs                      
0     00338fc4  _EQEP1_INT_ISR                  
0     00338fce  _EQEP2_INT_ISR                  
1     00006b00  _EQep1Regs                      
1     00006b40  _EQep2Regs                      
0     00339bc8  _EnableInterrupts               
1     00000a80  _FlashRegs                      
1     00006f80  _GpioCtrlRegs                   
1     00006fc0  _GpioDataRegs                   
1     00006fe0  _GpioIntRegs                    
0     00339050  _I2CINT1A_ISR                   
0     0033905a  _I2CINT2A_ISR                   
1     00007900  _I2caRegs                       
0     00338e48  _ILLEGAL_ISR                    
0     00338e0c  _INT13_ISR                      
0     00338e16  _INT14_ISR                      
0     00339902  _InitCpuTimers                  
0     003399d3  _InitEQep                       
0     003399d9  _InitEQep1Gpio                  
0     00339a03  _InitEQep2Gpio                  
0     003399d4  _InitEQepGpio                   
0     0033960e  _InitPeripheralClocks           
0     00339ba9  _InitPieCtrl                    
0     00339bf5  _InitPieVectTable               
0     003395bd  _InitPll                        
0     00339acc  _InitSci                        
0     00339acd  _InitSciGpio                    
0     00339ad4  _InitSciaGpio                   
0     00339aea  _InitScibGpio                   
0     00339afe  _InitScicGpio                   
0     00339b56  _InitSpi                        
0     00339b57  _InitSpiGpio                    
0     00339b5a  _InitSpiaGpio                   
0     003395a2  _InitSysCtrl                    
0     00339104  _LUF_ISR                        
0     003390fa  _LVF_ISR                        
0     00339000  _MRINTA_ISR                     
0     00338fec  _MRINTB_ISR                     
0     0033900a  _MXINTA_ISR                     
0     00338ff6  _MXINTB_ISR                     
1     00005000  _McbspaRegs                     
1     00005040  _McbspbRegs                     
0     00338e3e  _NMI_ISR                        
0     00339268  _PID_control                    
0     00338264  _PID_interrupt                  
0     0033910e  _PIE_RESERVED                   
1     00380090  _PartIdRegs                     
1     00000ce0  _PieCtrlRegs                    
1     00000d00  _PieVectTable                   
0     00339c98  _PieVectTableInit               
0     00338136  _Polynomial_interrupt           
0     00338e2a  _RTOSINT_ISR                    
0     00320004  _RamfuncsLoadEnd                
abs   00000004  _RamfuncsLoadSize               
0     00320000  _RamfuncsLoadStart              
0     00008000  _RamfuncsRunStart               
0     00339078  _SCIRXINTA_ISR                  
0     0033908c  _SCIRXINTB_ISR                  
0     00339064  _SCIRXINTC_ISR                  
0     00339082  _SCITXINTA_ISR                  
0     00339096  _SCITXINTB_ISR                  
0     0033906e  _SCITXINTC_ISR                  
0     00338eca  _SEQ1INT_ISR                    
0     00338ed4  _SEQ2INT_ISR                    
0     00338fd8  _SPIRXINTA_ISR                  
0     00338fe2  _SPITXINTA_ISR                  
1     00007050  _SciaRegs                       
1     00007750  _ScibRegs                       
1     00007770  _ScicRegs                       
0     003395ab  _ServiceDog                     
0     00338000  _Siegfried_interrupt            
1     00007040  _SpiaRegs                       
1     00007010  _SysCtrlRegs                    
0     00338efc  _TINT0_ISR                      
0     00338eac  _USER10_ISR                     
0     00338eb6  _USER11_ISR                     
0     00338ec0  _USER12_ISR                     
0     00338e52  _USER1_ISR                      
0     00338e5c  _USER2_ISR                      
0     00338e66  _USER3_ISR                      
0     00338e70  _USER4_ISR                      
0     00338e7a  _USER5_ISR                      
0     00338e84  _USER6_ISR                      
0     00338e8e  _USER7_ISR                      
0     00338e98  _USER8_ISR                      
0     00338ea2  _USER9_ISR                      
0     00338f06  _WAKEINT_ISR                    
0     00338ede  _XINT1_ISR                      
0     00338ee8  _XINT2_ISR                      
0     003390c8  _XINT3_ISR                      
0     003390d2  _XINT4_ISR                      
0     003390dc  _XINT5_ISR                      
0     003390e6  _XINT6_ISR                      
0     003390f0  _XINT7_ISR                      
1     00007070  _XIntruptRegs                   
1     00000b20  _XintfRegs                      
1     00000700  __STACK_END                     
abs   00000300  __STACK_SIZE                    
1     0000c272  ___TI_cleanup_ptr               
1     0000c274  ___TI_dtors_ptr                 
1     0000c270  ___TI_enable_exit_profile_output
abs   ffffffff  ___TI_pprof_out_hndl            
abs   ffffffff  ___TI_prof_data_size            
abs   ffffffff  ___TI_prof_data_start           
abs   ffffffff  ___binit__                      
abs   ffffffff  ___c_args__                     
0     00339db4  ___cinit__                      
0     00339c97  ___etext__                      
abs   ffffffff  ___pinit__                      
0     00338000  ___text__                       
0     00339c51  __args_main                     
1     0000c276  __lock                          
0     00339c84  __nop                           
0     00339c80  __register_lock                 
0     00339c7c  __register_unlock               
1     00000400  __stack                         
0     00339c96  __system_post_cinit             
0     00339c94  __system_pre_init               
1     0000c278  __unlock                        
0     00339b80  _abort                          
0     00338892  _blinkLed                       
0     00339a29  _c_int00                        
0     00339122  _cal_Cupla                      
0     00338af1  _calibrationA                   
0     00338b12  _calibrationB                   
1     0000c0a0  _cfg                            
1     0000c080  _cfg1                           
1     0000c0c0  _cfg2                           
1     0000c100  _cfg3                           
1     0000c0e0  _cfg4                           
0     00338c06  _cfg_PID                        
1     0000c120  _cfg_PID_default                
0     00338c54  _cfg_Polynomial                 
1     0000c060  _cfg_Polynomial_default         
0     00338c21  _cfg_Siegfried                  
1     0000c040  _cfg_Siegfried_default          
0     00338ae8  _cfg_init                       
0     00339307  _cfg_select                     
0     00338b33  _configuration                  
0     00339395  _configuration_interrupt        
0     003387d8  _controlLeds                    
0     00339bd1  _copy_in                        
0     00339a93  _dac_init                       
0     00339ab6  _dac_read                       
0     00339a7f  _dac_write                      
0     00338d39  _defaultmodel_init              
0     00339b47  _delayms                        
0     00338cc1  _displayinit                    
0     003396d4  _eQEP_calculate                 
0     0033974c  _eQEP_interrupt                 
0     0033969a  _eQEPconfig                     
0     0033973e  _em_encoder_cfg                 
1     0000c27a  _errno                          
0     00339b82  _exit                           
0     00339492  _exp                            
0     00339492  _expf                           
0     00338ba9  _initControl                    
0     00338c89  _ledinit                        
0     00339975  _main                           
0     00339c33  _memcpy                         
1     0000c258  _ms_user                        
1     0000c00e  _pitch                          
0     003386e6  _receive16_int                  
0     0033869a  _receive32_float                
0     00338633  _receive_PID                    
0     00338558  _receive_polynomial             
0     003385ed  _receive_setup                  
0     003385a4  _receive_siegfried              
0     00338d0c  _receiveconfig                  
0     003388a6  _refreshW                       
0     00339118  _rsvd_ISR                       
1     0000c001  _sample                         
0     0033874e  _scia_cfg                       
0     00338778  _scia_fifo_init                 
0     003383fb  _scia_initialize                
0     0033872f  _scia_receive                   
0     00338722  _scia_xmit                      
0     00338b55  _select_State                   
0     0033867b  _send16_int                     
0     00338657  _send32_float                   
0     003384cc  _send_PID                       
0     00338464  _send_polynomial                
0     00338503  _send_setup                     
0     00338402  _send_siegfried                 
0     00338ce7  _sendconfig                     
0     003388f3  _serialInterface                
0     003397c3  _signal_A                       
0     003397e0  _signal_B                       
1     0000c140  _speed                          
0     00339c2b  _spi_fifo_init                  
0     00339c15  _spi_init                       
0     00339c22  _spi_xmit                       
1     0000c002  _state_cfg                      
1     0000c000  _state_emu                      
0     003387a2  _stop                           
0     00338780  _test                           
1     0000c00c  _time_ms                        
0     00339c6a  _timer1_interrupt               
0     00339b14  _timerConfig                    
1     0000c008  _u_ant                          
0     00339885  _user_configuration             
1     0000c012  _user_enable                    
0     003398b7  _user_task                      
1     0000c006  _vTA                            
1     0000c004  _w_test                         
1     0000c010  _wind                           
1     0000c00a  _wm                             
1     0000c020  _workbench                      
abs   ffffffff  binit                           
0     00339db4  cinit                           
0     0033fff6  code_start                      
0     00339c97  etext                           
abs   ffffffff  pinit                           


GLOBAL SYMBOLS: SORTED BY Symbol Address 

page  address   name                            
----  -------   ----                            
0     00008000  _DSP28x_usDelay                 
0     00008000  _RamfuncsRunStart               
0     00320000  _RamfuncsLoadStart              
0     00320004  _RamfuncsLoadEnd                
0     00338000  .text                           
0     00338000  _Siegfried_interrupt            
0     00338000  ___text__                       
0     00338136  _Polynomial_interrupt           
0     00338264  _PID_interrupt                  
0     003382c6  _CAL_ramp_interrupt             
0     00338323  _CAL_const_interrupt            
0     003383fb  _scia_initialize                
0     00338402  _send_siegfried                 
0     00338464  _send_polynomial                
0     003384cc  _send_PID                       
0     00338503  _send_setup                     
0     00338558  _receive_polynomial             
0     003385a4  _receive_siegfried              
0     003385ed  _receive_setup                  
0     00338633  _receive_PID                    
0     00338657  _send32_float                   
0     0033867b  _send16_int                     
0     0033869a  _receive32_float                
0     003386e6  _receive16_int                  
0     00338722  _scia_xmit                      
0     0033872f  _scia_receive                   
0     0033874e  _scia_cfg                       
0     00338778  _scia_fifo_init                 
0     00338780  _test                           
0     003387a2  _stop                           
0     003387d8  _controlLeds                    
0     00338892  _blinkLed                       
0     003388a6  _refreshW                       
0     003388f3  _serialInterface                
0     00338ae8  _cfg_init                       
0     00338af1  _calibrationA                   
0     00338b12  _calibrationB                   
0     00338b33  _configuration                  
0     00338b55  _select_State                   
0     00338ba9  _initControl                    
0     00338c06  _cfg_PID                        
0     00338c21  _cfg_Siegfried                  
0     00338c54  _cfg_Polynomial                 
0     00338c89  _ledinit                        
0     00338ca3  _DIP4init                       
0     00338cc1  _displayinit                    
0     00338ce7  _sendconfig                     
0     00338d0c  _receiveconfig                  
0     00338d39  _defaultmodel_init              
0     00338e0c  _INT13_ISR                      
0     00338e16  _INT14_ISR                      
0     00338e20  _DATALOG_ISR                    
0     00338e2a  _RTOSINT_ISR                    
0     00338e34  _EMUINT_ISR                     
0     00338e3e  _NMI_ISR                        
0     00338e48  _ILLEGAL_ISR                    
0     00338e52  _USER1_ISR                      
0     00338e5c  _USER2_ISR                      
0     00338e66  _USER3_ISR                      
0     00338e70  _USER4_ISR                      
0     00338e7a  _USER5_ISR                      
0     00338e84  _USER6_ISR                      
0     00338e8e  _USER7_ISR                      
0     00338e98  _USER8_ISR                      
0     00338ea2  _USER9_ISR                      
0     00338eac  _USER10_ISR                     
0     00338eb6  _USER11_ISR                     
0     00338ec0  _USER12_ISR                     
0     00338eca  _SEQ1INT_ISR                    
0     00338ed4  _SEQ2INT_ISR                    
0     00338ede  _XINT1_ISR                      
0     00338ee8  _XINT2_ISR                      
0     00338ef2  _ADCINT_ISR                     
0     00338efc  _TINT0_ISR                      
0     00338f06  _WAKEINT_ISR                    
0     00338f10  _EPWM1_TZINT_ISR                
0     00338f1a  _EPWM2_TZINT_ISR                
0     00338f24  _EPWM3_TZINT_ISR                
0     00338f2e  _EPWM4_TZINT_ISR                
0     00338f38  _EPWM5_TZINT_ISR                
0     00338f42  _EPWM6_TZINT_ISR                
0     00338f4c  _EPWM1_INT_ISR                  
0     00338f56  _EPWM2_INT_ISR                  
0     00338f60  _EPWM3_INT_ISR                  
0     00338f6a  _EPWM4_INT_ISR                  
0     00338f74  _EPWM5_INT_ISR                  
0     00338f7e  _EPWM6_INT_ISR                  
0     00338f88  _ECAP1_INT_ISR                  
0     00338f92  _ECAP2_INT_ISR                  
0     00338f9c  _ECAP3_INT_ISR                  
0     00338fa6  _ECAP4_INT_ISR                  
0     00338fb0  _ECAP5_INT_ISR                  
0     00338fba  _ECAP6_INT_ISR                  
0     00338fc4  _EQEP1_INT_ISR                  
0     00338fce  _EQEP2_INT_ISR                  
0     00338fd8  _SPIRXINTA_ISR                  
0     00338fe2  _SPITXINTA_ISR                  
0     00338fec  _MRINTB_ISR                     
0     00338ff6  _MXINTB_ISR                     
0     00339000  _MRINTA_ISR                     
0     0033900a  _MXINTA_ISR                     
0     00339014  _DINTCH1_ISR                    
0     0033901e  _DINTCH2_ISR                    
0     00339028  _DINTCH3_ISR                    
0     00339032  _DINTCH4_ISR                    
0     0033903c  _DINTCH5_ISR                    
0     00339046  _DINTCH6_ISR                    
0     00339050  _I2CINT1A_ISR                   
0     0033905a  _I2CINT2A_ISR                   
0     00339064  _SCIRXINTC_ISR                  
0     0033906e  _SCITXINTC_ISR                  
0     00339078  _SCIRXINTA_ISR                  
0     00339082  _SCITXINTA_ISR                  
0     0033908c  _SCIRXINTB_ISR                  
0     00339096  _SCITXINTB_ISR                  
0     003390a0  _ECAN0INTA_ISR                  
0     003390aa  _ECAN1INTA_ISR                  
0     003390b4  _ECAN0INTB_ISR                  
0     003390be  _ECAN1INTB_ISR                  
0     003390c8  _XINT3_ISR                      
0     003390d2  _XINT4_ISR                      
0     003390dc  _XINT5_ISR                      
0     003390e6  _XINT6_ISR                      
0     003390f0  _XINT7_ISR                      
0     003390fa  _LVF_ISR                        
0     00339104  _LUF_ISR                        
0     0033910e  _PIE_RESERVED                   
0     00339118  _rsvd_ISR                       
0     00339122  _cal_Cupla                      
0     00339176  _Cp_Siegfried                   
0     00339208  _Cp_Polynomial                  
0     00339268  _PID_control                    
0     00339307  _cfg_select                     
0     00339395  _configuration_interrupt        
0     00339492  _exp                            
0     00339492  _expf                           
0     003395a2  _InitSysCtrl                    
0     003395ab  _ServiceDog                     
0     003395b5  _DisableDog                     
0     003395bd  _InitPll                        
0     0033960e  _InitPeripheralClocks           
0     00339669  _CsmUnlock                      
0     0033969a  _eQEPconfig                     
0     003396d4  _eQEP_calculate                 
0     0033973e  _em_encoder_cfg                 
0     0033974c  _eQEP_interrupt                 
0     003397c3  _signal_A                       
0     003397e0  _signal_B                       
0     003397fd  FS$$DIV                         
0     00339885  _user_configuration             
0     003398b7  _user_task                      
0     00339902  _InitCpuTimers                  
0     0033993b  _ConfigCpuTimer                 
0     00339975  _main                           
0     003399d3  _InitEQep                       
0     003399d4  _InitEQepGpio                   
0     003399d9  _InitEQep1Gpio                  
0     00339a03  _InitEQep2Gpio                  
0     00339a29  _c_int00                        
0     00339a7f  _dac_write                      
0     00339a93  _dac_init                       
0     00339ab6  _dac_read                       
0     00339acc  _InitSci                        
0     00339acd  _InitSciGpio                    
0     00339ad4  _InitSciaGpio                   
0     00339aea  _InitScibGpio                   
0     00339afe  _InitScicGpio                   
0     00339b14  _timerConfig                    
0     00339b47  _delayms                        
0     00339b56  _InitSpi                        
0     00339b57  _InitSpiGpio                    
0     00339b5a  _InitSpiaGpio                   
0     00339b80  C$$EXIT                         
0     00339b80  _abort                          
0     00339b82  _exit                           
0     00339ba9  _InitPieCtrl                    
0     00339bc8  _EnableInterrupts               
0     00339bd1  _copy_in                        
0     00339bf5  _InitPieVectTable               
0     00339c15  _spi_init                       
0     00339c22  _spi_xmit                       
0     00339c2b  _spi_fifo_init                  
0     00339c33  _memcpy                         
0     00339c51  __args_main                     
0     00339c6a  _timer1_interrupt               
0     00339c7c  __register_unlock               
0     00339c80  __register_lock                 
0     00339c84  __nop                           
0     00339c8d  _DSP28x_DisableInt              
0     00339c91  _DSP28x_RestoreInt              
0     00339c94  __system_pre_init               
0     00339c96  __system_post_cinit             
0     00339c97  ___etext__                      
0     00339c97  etext                           
0     00339c98  _PieVectTableInit               
0     00339db4  ___cinit__                      
0     00339db4  cinit                           
0     0033fff6  code_start                      
0     00380080  _ADC_cal                        
1     00000400  __stack                         
1     00000700  __STACK_END                     
1     00000880  _DevEmuRegs                     
1     00000a80  _FlashRegs                      
1     00000ae0  _CsmRegs                        
1     00000b00  _AdcMirror                      
1     00000b20  _XintfRegs                      
1     00000c00  _CpuTimer0Regs                  
1     00000c08  _CpuTimer1Regs                  
1     00000c10  _CpuTimer2Regs                  
1     00000ce0  _PieCtrlRegs                    
1     00000d00  _PieVectTable                   
1     00001000  _DmaRegs                        
1     00005000  _McbspaRegs                     
1     00005040  _McbspbRegs                     
1     00006000  _ECanaRegs                      
1     00006040  _ECanaLAMRegs                   
1     00006080  _ECanaMOTSRegs                  
1     000060c0  _ECanaMOTORegs                  
1     00006100  _ECanaMboxes                    
1     00006200  _ECanbRegs                      
1     00006240  _ECanbLAMRegs                   
1     00006280  _ECanbMOTSRegs                  
1     000062c0  _ECanbMOTORegs                  
1     00006300  _ECanbMboxes                    
1     00006800  _EPwm1Regs                      
1     00006840  _EPwm2Regs                      
1     00006880  _EPwm3Regs                      
1     000068c0  _EPwm4Regs                      
1     00006900  _EPwm5Regs                      
1     00006940  _EPwm6Regs                      
1     00006a00  _ECap1Regs                      
1     00006a20  _ECap2Regs                      
1     00006a40  _ECap3Regs                      
1     00006a60  _ECap4Regs                      
1     00006a80  _ECap5Regs                      
1     00006aa0  _ECap6Regs                      
1     00006b00  _EQep1Regs                      
1     00006b40  _EQep2Regs                      
1     00006f80  _GpioCtrlRegs                   
1     00006fc0  _GpioDataRegs                   
1     00006fe0  _GpioIntRegs                    
1     00007010  _SysCtrlRegs                    
1     00007040  _SpiaRegs                       
1     00007050  _SciaRegs                       
1     00007070  _XIntruptRegs                   
1     00007100  _AdcRegs                        
1     00007750  _ScibRegs                       
1     00007770  _ScicRegs                       
1     00007900  _I2caRegs                       
1     0000c000  _state_emu                      
1     0000c001  _sample                         
1     0000c002  _state_cfg                      
1     0000c004  _w_test                         
1     0000c006  _vTA                            
1     0000c008  _u_ant                          
1     0000c00a  _wm                             
1     0000c00c  _time_ms                        
1     0000c00e  _pitch                          
1     0000c010  _wind                           
1     0000c012  _user_enable                    
1     0000c020  _workbench                      
1     0000c040  _cfg_Siegfried_default          
1     0000c060  _cfg_Polynomial_default         
1     0000c080  _cfg1                           
1     0000c0a0  _cfg                            
1     0000c0c0  _cfg2                           
1     0000c0e0  _cfg4                           
1     0000c100  _cfg3                           
1     0000c120  _cfg_PID_default                
1     0000c140  _speed                          
1     0000c240  _CpuTimer1                      
1     0000c248  _CpuTimer2                      
1     0000c250  _CpuTimer0                      
1     0000c258  _ms_user                        
1     0000c270  ___TI_enable_exit_profile_output
1     0000c272  ___TI_cleanup_ptr               
1     0000c274  ___TI_dtors_ptr                 
1     0000c276  __lock                          
1     0000c278  __unlock                        
1     0000c27a  _errno                          
1     0033fff8  _CsmPwl                         
1     00380090  _PartIdRegs                     
abs   00000004  _RamfuncsLoadSize               
abs   00000300  __STACK_SIZE                    
abs   ffffffff  ___TI_pprof_out_hndl            
abs   ffffffff  ___TI_prof_data_size            
abs   ffffffff  ___TI_prof_data_start           
abs   ffffffff  ___binit__                      
abs   ffffffff  ___c_args__                     
abs   ffffffff  ___pinit__                      
abs   ffffffff  binit                           
abs   ffffffff  pinit                           

[292 symbols]
